[2024-03-30T00:14:17.568+0000][7][gc] Using G1
[2024-03-30T00:14:17.833+0000][7][gc,init] Version: 15.0.1+9 (release)
[2024-03-30T00:14:17.834+0000][7][gc,init] CPUs: 8 total, 8 available
[2024-03-30T00:14:17.838+0000][7][gc,init] Memory: 9856M
[2024-03-30T00:14:17.840+0000][7][gc,init] Large Page Support: Disabled
[2024-03-30T00:14:17.841+0000][7][gc,init] NUMA Support: Disabled
[2024-03-30T00:14:17.841+0000][7][gc,init] Compressed Oops: Enabled (32-bit)
[2024-03-30T00:14:17.841+0000][7][gc,init] Heap Region Size: 4M
[2024-03-30T00:14:17.842+0000][7][gc,init] Heap Min Capacity: 256M
[2024-03-30T00:14:17.842+0000][7][gc,init] Heap Initial Capacity: 256M
[2024-03-30T00:14:17.843+0000][7][gc,init] Heap Max Capacity: 256M
[2024-03-30T00:14:17.843+0000][7][gc,init] Pre-touch: Enabled
[2024-03-30T00:14:17.854+0000][7][gc,init] Parallel Workers: 8
[2024-03-30T00:14:17.859+0000][7][gc,init] Concurrent Workers: 2
[2024-03-30T00:14:17.862+0000][7][gc,init] Concurrent Refinement Workers: 8
[2024-03-30T00:14:17.880+0000][7][gc,init] Periodic GC: Disabled
[2024-03-30T00:14:17.883+0000][7][gc,cds ] Mark closed archive regions in map: [0x00000000ffc00000, 0x00000000ffc7bff8]
[2024-03-30T00:14:17.885+0000][7][gc,cds ] Mark open archive regions in map: [0x00000000ffb00000, 0x00000000ffb51ff8]
[2024-03-30T00:14:17.886+0000][7][gc,metaspace] CDS archive(s) mapped at: [0x0000000800000000-0x0000000800b2a000-0x0000000800b2a000), size 11706368, SharedBaseAddress: 0x0000000800000000, ArchiveRelocationMode: 0.
[2024-03-30T00:14:17.886+0000][7][gc,metaspace] Compressed class space mapped at: 0x0000000800b2c000-0x0000000840b2c000, size: 1073741824
[2024-03-30T00:14:17.886+0000][7][gc,metaspace] Narrow klass base: 0x0000000800000000, Narrow klass shift: 3, Narrow klass range: 0x100000000
[2024-03-30T00:14:19.298+0000][7][safepoint   ] Safepoint "Cleanup", Time since last: 1385572436 ns, Reaching safepoint: 188200 ns, At safepoint: 29200 ns, Total: 217400 ns
[2024-03-30T00:14:19.438+0000][7][gc,start    ] GC(0) Pause Young (Normal) (G1 Evacuation Pause)
[2024-03-30T00:14:19.439+0000][7][gc,task     ] GC(0) Using 6 workers of 8 for evacuation
[2024-03-30T00:14:19.439+0000][7][gc,age      ] GC(0) Desired survivor size 2097152 bytes, new threshold 15 (max threshold 15)
[2024-03-30T00:14:19.444+0000][7][gc,age      ] GC(0) Age table with threshold 15 (max threshold 15)
[2024-03-30T00:14:19.444+0000][7][gc,age      ] GC(0) - age   1:    3631832 bytes,    3631832 total
[2024-03-30T00:14:19.444+0000][7][gc,phases   ] GC(0)   Pre Evacuate Collection Set: 0.2ms
[2024-03-30T00:14:19.445+0000][7][gc,phases   ] GC(0)   Merge Heap Roots: 0.2ms
[2024-03-30T00:14:19.445+0000][7][gc,phases   ] GC(0)   Evacuate Collection Set: 2.4ms
[2024-03-30T00:14:19.445+0000][7][gc,phases   ] GC(0)   Post Evacuate Collection Set: 1.1ms
[2024-03-30T00:14:19.446+0000][7][gc,phases   ] GC(0)   Other: 2.7ms
[2024-03-30T00:14:19.446+0000][7][gc,heap     ] GC(0) Eden regions: 5->0(5)
[2024-03-30T00:14:19.446+0000][7][gc,heap     ] GC(0) Survivor regions: 0->1(1)
[2024-03-30T00:14:19.446+0000][7][gc,heap     ] GC(0) Old regions: 0->0
[2024-03-30T00:14:19.447+0000][7][gc,heap     ] GC(0) Archive regions: 2->2
[2024-03-30T00:14:19.447+0000][7][gc,heap     ] GC(0) Humongous regions: 0->0
[2024-03-30T00:14:19.447+0000][7][gc,metaspace] GC(0) Metaspace: 6336K(8576K)->6336K(8576K) NonClass: 5643K(7680K)->5643K(7680K) Class: 692K(896K)->692K(896K)
[2024-03-30T00:14:19.447+0000][7][gc          ] GC(0) Pause Young (Normal) (G1 Evacuation Pause) 23M->7M(256M) 9.655ms
[2024-03-30T00:14:19.448+0000][7][gc,cpu      ] GC(0) User=0.02s Sys=0.00s Real=0.01s
[2024-03-30T00:14:19.448+0000][7][safepoint   ] Safepoint "G1CollectForAllocation", Time since last: 139741104 ns, Reaching safepoint: 163200 ns, At safepoint: 10189600 ns, Total: 10352800 ns
[2024-03-30T00:14:21.385+0000][7][safepoint   ] Safepoint "Cleanup", Time since last: 1937005543 ns, Reaching safepoint: 321800 ns, At safepoint: 4100 ns, Total: 325900 ns
[2024-03-30T00:14:22.791+0000][7][safepoint   ] Safepoint "Cleanup", Time since last: 1405397031 ns, Reaching safepoint: 750000 ns, At safepoint: 7800 ns, Total: 757800 ns
[2024-03-30T00:14:23.667+0000][7][gc,start    ] GC(1) Pause Young (Normal) (G1 Evacuation Pause)
[2024-03-30T00:14:23.673+0000][7][gc,task     ] GC(1) Using 6 workers of 8 for evacuation
[2024-03-30T00:14:23.673+0000][7][gc,age      ] GC(1) Desired survivor size 2097152 bytes, new threshold 1 (max threshold 15)
[2024-03-30T00:14:23.690+0000][7][gc,age      ] GC(1) Age table with threshold 1 (max threshold 15)
[2024-03-30T00:14:23.691+0000][7][gc,age      ] GC(1) - age   1:    2012208 bytes,    2012208 total
[2024-03-30T00:14:23.691+0000][7][gc,phases   ] GC(1)   Pre Evacuate Collection Set: 0.2ms
[2024-03-30T00:14:23.705+0000][7][gc,phases   ] GC(1)   Merge Heap Roots: 0.1ms
[2024-03-30T00:14:23.705+0000][7][gc,phases   ] GC(1)   Evacuate Collection Set: 15.0ms
[2024-03-30T00:14:23.707+0000][7][gc,phases   ] GC(1)   Post Evacuate Collection Set: 1.6ms
[2024-03-30T00:14:23.707+0000][7][gc,phases   ] GC(1)   Other: 7.2ms
[2024-03-30T00:14:23.707+0000][7][gc,heap     ] GC(1) Eden regions: 5->0(11)
[2024-03-30T00:14:23.707+0000][7][gc,heap     ] GC(1) Survivor regions: 1->1(1)
[2024-03-30T00:14:23.708+0000][7][gc,heap     ] GC(1) Old regions: 0->1
[2024-03-30T00:14:23.708+0000][7][gc,heap     ] GC(1) Archive regions: 2->2
[2024-03-30T00:14:23.708+0000][7][gc,heap     ] GC(1) Humongous regions: 0->0
[2024-03-30T00:14:23.709+0000][7][gc,metaspace] GC(1) Metaspace: 11752K(12032K)->11752K(12032K) NonClass: 10344K(10496K)->10344K(10496K) Class: 1407K(1536K)->1407K(1536K)
[2024-03-30T00:14:23.709+0000][7][gc          ] GC(1) Pause Young (Normal) (G1 Evacuation Pause) 27M->9M(256M) 42.005ms
[2024-03-30T00:14:23.710+0000][7][gc,cpu      ] GC(1) User=0.07s Sys=0.02s Real=0.04s
[2024-03-30T00:14:23.710+0000][7][safepoint   ] Safepoint "G1CollectForAllocation", Time since last: 875538220 ns, Reaching safepoint: 198800 ns, At safepoint: 43394901 ns, Total: 43593701 ns
[2024-03-30T00:14:24.721+0000][7][safepoint   ] Safepoint "Cleanup", Time since last: 1010528722 ns, Reaching safepoint: 231200 ns, At safepoint: 35400 ns, Total: 266600 ns
[2024-03-30T00:14:25.815+0000][7][safepoint   ] Safepoint "Cleanup", Time since last: 1093847324 ns, Reaching safepoint: 202600 ns, At safepoint: 81600 ns, Total: 284200 ns
[2024-03-30T00:14:26.817+0000][7][safepoint   ] Safepoint "Cleanup", Time since last: 1000916022 ns, Reaching safepoint: 196600 ns, At safepoint: 34100 ns, Total: 230700 ns
[2024-03-30T00:14:27.819+0000][7][safepoint   ] Safepoint "Cleanup", Time since last: 1000819619 ns, Reaching safepoint: 1063300 ns, At safepoint: 59900 ns, Total: 1123200 ns
[2024-03-30T00:14:27.907+0000][7][gc,start    ] GC(2) Pause Young (Normal) (G1 Evacuation Pause)
[2024-03-30T00:14:27.914+0000][7][gc,task     ] GC(2) Using 6 workers of 8 for evacuation
[2024-03-30T00:14:27.918+0000][7][gc,age      ] GC(2) Desired survivor size 4194304 bytes, new threshold 15 (max threshold 15)
[2024-03-30T00:14:27.940+0000][7][gc,age      ] GC(2) Age table with threshold 15 (max threshold 15)
[2024-03-30T00:14:27.940+0000][7][gc,age      ] GC(2) - age   1:    1764912 bytes,    1764912 total
[2024-03-30T00:14:27.940+0000][7][gc,age      ] GC(2) - age   2:    1913424 bytes,    3678336 total
[2024-03-30T00:14:27.941+0000][7][gc,phases   ] GC(2)   Pre Evacuate Collection Set: 0.1ms
[2024-03-30T00:14:27.941+0000][7][gc,phases   ] GC(2)   Merge Heap Roots: 0.1ms
[2024-03-30T00:14:27.941+0000][7][gc,phases   ] GC(2)   Evacuate Collection Set: 12.8ms
[2024-03-30T00:14:27.942+0000][7][gc,phases   ] GC(2)   Post Evacuate Collection Set: 8.6ms
[2024-03-30T00:14:27.942+0000][7][gc,phases   ] GC(2)   Other: 11.7ms
[2024-03-30T00:14:27.942+0000][7][gc,heap     ] GC(2) Eden regions: 11->0(36)
[2024-03-30T00:14:27.942+0000][7][gc,heap     ] GC(2) Survivor regions: 1->1(2)
[2024-03-30T00:14:27.943+0000][7][gc,heap     ] GC(2) Old regions: 1->1
[2024-03-30T00:14:27.943+0000][7][gc,heap     ] GC(2) Archive regions: 2->2
[2024-03-30T00:14:27.943+0000][7][gc,heap     ] GC(2) Humongous regions: 0->0
[2024-03-30T00:14:27.943+0000][7][gc,metaspace] GC(2) Metaspace: 14417K(14848K)->14417K(14848K) NonClass: 12751K(13056K)->12751K(13056K) Class: 1665K(1792K)->1665K(1792K)
[2024-03-30T00:14:27.944+0000][7][gc          ] GC(2) Pause Young (Normal) (G1 Evacuation Pause) 53M->10M(256M) 36.604ms
[2024-03-30T00:14:27.944+0000][7][gc,cpu      ] GC(2) User=0.07s Sys=0.01s Real=0.04s
[2024-03-30T00:14:27.946+0000][7][safepoint   ] Safepoint "G1CollectForAllocation", Time since last: 88637202 ns, Reaching safepoint: 98400 ns, At safepoint: 38356500 ns, Total: 38454900 ns
[2024-03-30T00:14:29.226+0000][7][safepoint   ] Safepoint "Cleanup", Time since last: 1279137916 ns, Reaching safepoint: 370800 ns, At safepoint: 43700 ns, Total: 414500 ns
[2024-03-30T00:14:29.540+0000][7][safepoint   ] Safepoint "ICBufferFull", Time since last: 313784204 ns, Reaching safepoint: 129500 ns, At safepoint: 7100 ns, Total: 136600 ns
[2024-03-30T00:14:29.588+0000][7][safepoint   ] Safepoint "ICBufferFull", Time since last: 48322900 ns, Reaching safepoint: 221500 ns, At safepoint: 6800 ns, Total: 228300 ns
[2024-03-30T00:14:29.619+0000][7][safepoint   ] Safepoint "ICBufferFull", Time since last: 30253601 ns, Reaching safepoint: 153300 ns, At safepoint: 35100 ns, Total: 188400 ns
[2024-03-30T00:14:29.764+0000][7][safepoint   ] Safepoint "ICBufferFull", Time since last: 145237802 ns, Reaching safepoint: 172000 ns, At safepoint: 16900 ns, Total: 188900 ns
[2024-03-30T00:14:29.780+0000][7][safepoint   ] Safepoint "ICBufferFull", Time since last: 15897900 ns, Reaching safepoint: 246700 ns, At safepoint: 38600 ns, Total: 285300 ns
[2024-03-30T00:14:29.810+0000][7][safepoint   ] Safepoint "ICBufferFull", Time since last: 29545500 ns, Reaching safepoint: 103700 ns, At safepoint: 4500 ns, Total: 108200 ns
[2024-03-30T00:14:29.856+0000][7][safepoint   ] Safepoint "ICBufferFull", Time since last: 45727201 ns, Reaching safepoint: 248400 ns, At safepoint: 38200 ns, Total: 286600 ns
[2024-03-30T00:14:29.869+0000][7][safepoint   ] Safepoint "ICBufferFull", Time since last: 12252300 ns, Reaching safepoint: 164400 ns, At safepoint: 6500 ns, Total: 170900 ns
[2024-03-30T00:14:29.877+0000][7][safepoint   ] Safepoint "ICBufferFull", Time since last: 8180400 ns, Reaching safepoint: 143000 ns, At safepoint: 5000 ns, Total: 148000 ns
[2024-03-30T00:14:29.922+0000][7][safepoint   ] Safepoint "ICBufferFull", Time since last: 28307101 ns, Reaching safepoint: 16321900 ns, At safepoint: 42600 ns, Total: 16364500 ns
[2024-03-30T00:14:29.999+0000][7][safepoint   ] Safepoint "ICBufferFull", Time since last: 77502401 ns, Reaching safepoint: 168600 ns, At safepoint: 35200 ns, Total: 203800 ns
[2024-03-30T00:14:30.016+0000][7][safepoint   ] Safepoint "ICBufferFull", Time since last: 16320600 ns, Reaching safepoint: 92300 ns, At safepoint: 20900 ns, Total: 113200 ns
[2024-03-30T00:14:30.044+0000][7][safepoint   ] Safepoint "ICBufferFull", Time since last: 17760000 ns, Reaching safepoint: 10257500 ns, At safepoint: 53400 ns, Total: 10310900 ns
[2024-03-30T00:14:30.050+0000][7][safepoint   ] Safepoint "ICBufferFull", Time since last: 5699700 ns, Reaching safepoint: 144600 ns, At safepoint: 5100 ns, Total: 149700 ns
[2024-03-30T00:14:30.068+0000][7][safepoint   ] Safepoint "ICBufferFull", Time since last: 17514601 ns, Reaching safepoint: 326200 ns, At safepoint: 50800 ns, Total: 377000 ns
[2024-03-30T00:14:30.916+0000][7][safepoint   ] Safepoint "ICBufferFull", Time since last: 839217911 ns, Reaching safepoint: 9301700 ns, At safepoint: 65200 ns, Total: 9366900 ns
[2024-03-30T00:14:31.947+0000][7][safepoint   ] Safepoint "Cleanup", Time since last: 1028213513 ns, Reaching safepoint: 2302300 ns, At safepoint: 8200 ns, Total: 2310500 ns
[2024-03-30T00:14:32.035+0000][7][gc,start    ] GC(3) Pause Young (Normal) (G1 Evacuation Pause)
[2024-03-30T00:14:32.038+0000][7][gc,task     ] GC(3) Using 6 workers of 8 for evacuation
[2024-03-30T00:14:32.039+0000][7][gc,age      ] GC(3) Desired survivor size 10485760 bytes, new threshold 15 (max threshold 15)
[2024-03-30T00:14:32.065+0000][7][gc,age      ] GC(3) Age table with threshold 15 (max threshold 15)
[2024-03-30T00:14:32.065+0000][7][gc,age      ] GC(3) - age   1:    4833392 bytes,    4833392 total
[2024-03-30T00:14:32.065+0000][7][gc,age      ] GC(3) - age   2:    1685384 bytes,    6518776 total
[2024-03-30T00:14:32.065+0000][7][gc,age      ] GC(3) - age   3:    1898376 bytes,    8417152 total
[2024-03-30T00:14:32.066+0000][7][gc,phases   ] GC(3)   Pre Evacuate Collection Set: 0.9ms
[2024-03-30T00:14:32.066+0000][7][gc,phases   ] GC(3)   Merge Heap Roots: 0.1ms
[2024-03-30T00:14:32.066+0000][7][gc,phases   ] GC(3)   Evacuate Collection Set: 17.2ms
[2024-03-30T00:14:32.066+0000][7][gc,phases   ] GC(3)   Post Evacuate Collection Set: 1.3ms
[2024-03-30T00:14:32.067+0000][7][gc,phases   ] GC(3)   Other: 10.8ms
[2024-03-30T00:14:32.067+0000][7][gc,heap     ] GC(3) Eden regions: 36->0(35)
[2024-03-30T00:14:32.067+0000][7][gc,heap     ] GC(3) Survivor regions: 1->3(5)
[2024-03-30T00:14:32.067+0000][7][gc,heap     ] GC(3) Old regions: 1->1
[2024-03-30T00:14:32.068+0000][7][gc,heap     ] GC(3) Archive regions: 2->2
[2024-03-30T00:14:32.068+0000][7][gc,heap     ] GC(3) Humongous regions: 0->0
[2024-03-30T00:14:32.068+0000][7][gc,metaspace] GC(3) Metaspace: 17756K(18432K)->17756K(18432K) NonClass: 15638K(16128K)->15638K(16128K) Class: 2118K(2304K)->2118K(2304K)
[2024-03-30T00:14:32.068+0000][7][gc          ] GC(3) Pause Young (Normal) (G1 Evacuation Pause) 154M->15M(256M) 32.893ms
[2024-03-30T00:14:32.069+0000][7][gc,cpu      ] GC(3) User=0.06s Sys=0.02s Real=0.03s
[2024-03-30T00:14:32.069+0000][7][safepoint   ] Safepoint "G1CollectForAllocation", Time since last: 88542901 ns, Reaching safepoint: 243500 ns, At safepoint: 33522101 ns, Total: 33765601 ns
[2024-03-30T00:14:33.422+0000][7][gc,start    ] GC(4) Pause Young (Normal) (G1 Evacuation Pause)
[2024-03-30T00:14:33.423+0000][7][gc,task     ] GC(4) Using 6 workers of 8 for evacuation
[2024-03-30T00:14:33.424+0000][7][gc,age      ] GC(4) Desired survivor size 10485760 bytes, new threshold 15 (max threshold 15)
[2024-03-30T00:14:33.447+0000][7][gc,age      ] GC(4) Age table with threshold 15 (max threshold 15)
[2024-03-30T00:14:33.447+0000][7][gc,age      ] GC(4) - age   1:    2955856 bytes,    2955856 total
[2024-03-30T00:14:33.448+0000][7][gc,age      ] GC(4) - age   2:    3003584 bytes,    5959440 total
[2024-03-30T00:14:33.448+0000][7][gc,age      ] GC(4) - age   3:    1685384 bytes,    7644824 total
[2024-03-30T00:14:33.448+0000][7][gc,age      ] GC(4) - age   4:    1898376 bytes,    9543200 total
[2024-03-30T00:14:33.449+0000][7][gc,phases   ] GC(4)   Pre Evacuate Collection Set: 0.2ms
[2024-03-30T00:14:33.449+0000][7][gc,phases   ] GC(4)   Merge Heap Roots: 0.8ms
[2024-03-30T00:14:33.449+0000][7][gc,phases   ] GC(4)   Evacuate Collection Set: 18.4ms
[2024-03-30T00:14:33.449+0000][7][gc,phases   ] GC(4)   Post Evacuate Collection Set: 1.6ms
[2024-03-30T00:14:33.450+0000][7][gc,phases   ] GC(4)   Other: 6.0ms
[2024-03-30T00:14:33.450+0000][7][gc,heap     ] GC(4) Eden regions: 35->0(35)
[2024-03-30T00:14:33.450+0000][7][gc,heap     ] GC(4) Survivor regions: 3->3(5)
[2024-03-30T00:14:33.450+0000][7][gc,heap     ] GC(4) Old regions: 1->1
[2024-03-30T00:14:33.451+0000][7][gc,heap     ] GC(4) Archive regions: 2->2
[2024-03-30T00:14:33.451+0000][7][gc,heap     ] GC(4) Humongous regions: 0->0
[2024-03-30T00:14:33.451+0000][7][gc,metaspace] GC(4) Metaspace: 18314K(19072K)->18314K(19072K) NonClass: 16126K(16640K)->16126K(16640K) Class: 2188K(2432K)->2188K(2432K)
[2024-03-30T00:14:33.451+0000][7][gc          ] GC(4) Pause Young (Normal) (G1 Evacuation Pause) 155M->17M(256M) 29.706ms
[2024-03-30T00:14:33.452+0000][7][gc,cpu      ] GC(4) User=0.06s Sys=0.01s Real=0.03s
[2024-03-30T00:14:33.452+0000][7][safepoint   ] Safepoint "G1CollectForAllocation", Time since last: 1352563517 ns, Reaching safepoint: 231600 ns, At safepoint: 30362800 ns, Total: 30594400 ns
[2024-03-30T00:14:34.332+0000][7][gc,start    ] GC(5) Pause Young (Normal) (G1 Evacuation Pause)
[2024-03-30T00:14:34.336+0000][7][gc,task     ] GC(5) Using 6 workers of 8 for evacuation
[2024-03-30T00:14:34.338+0000][7][gc,age      ] GC(5) Desired survivor size 10485760 bytes, new threshold 15 (max threshold 15)
[2024-03-30T00:14:34.399+0000][7][gc,age      ] GC(5) Age table with threshold 15 (max threshold 15)
[2024-03-30T00:14:34.400+0000][7][gc,age      ] GC(5) - age   1:    3614512 bytes,    3614512 total
[2024-03-30T00:14:34.402+0000][7][gc,age      ] GC(5) - age   2:    1882632 bytes,    5497144 total
[2024-03-30T00:14:34.403+0000][7][gc,age      ] GC(5) - age   3:    3002536 bytes,    8499680 total
[2024-03-30T00:14:34.403+0000][7][gc,age      ] GC(5) - age   4:    1685384 bytes,   10185064 total
[2024-03-30T00:14:34.403+0000][7][gc,age      ] GC(5) - age   5:    1898376 bytes,   12083440 total
[2024-03-30T00:14:34.403+0000][7][gc,phases   ] GC(5)   Pre Evacuate Collection Set: 0.1ms
[2024-03-30T00:14:34.404+0000][7][gc,phases   ] GC(5)   Merge Heap Roots: 0.0ms
[2024-03-30T00:14:34.404+0000][7][gc,phases   ] GC(5)   Evacuate Collection Set: 58.2ms
[2024-03-30T00:14:34.404+0000][7][gc,phases   ] GC(5)   Post Evacuate Collection Set: 1.4ms
[2024-03-30T00:14:34.404+0000][7][gc,phases   ] GC(5)   Other: 11.3ms
[2024-03-30T00:14:34.404+0000][7][gc,heap     ] GC(5) Eden regions: 35->0(34)
[2024-03-30T00:14:34.405+0000][7][gc,heap     ] GC(5) Survivor regions: 3->4(5)
[2024-03-30T00:14:34.405+0000][7][gc,heap     ] GC(5) Old regions: 1->1
[2024-03-30T00:14:34.405+0000][7][gc,heap     ] GC(5) Archive regions: 2->2
[2024-03-30T00:14:34.405+0000][7][gc,heap     ] GC(5) Humongous regions: 0->0
[2024-03-30T00:14:34.406+0000][7][gc,metaspace] GC(5) Metaspace: 18783K(19712K)->18783K(19712K) NonClass: 16520K(17152K)->16520K(17152K) Class: 2263K(2560K)->2263K(2560K)
[2024-03-30T00:14:34.406+0000][7][gc          ] GC(5) Pause Young (Normal) (G1 Evacuation Pause) 157M->19M(256M) 73.413ms
[2024-03-30T00:14:34.406+0000][7][gc,cpu      ] GC(5) User=0.14s Sys=0.04s Real=0.08s
[2024-03-30T00:14:34.406+0000][7][safepoint   ] Safepoint "G1CollectForAllocation", Time since last: 880072612 ns, Reaching safepoint: 118900 ns, At safepoint: 73943701 ns, Total: 74062601 ns
[2024-03-30T00:14:35.413+0000][7][safepoint   ] Safepoint "Cleanup", Time since last: 1000400213 ns, Reaching safepoint: 5983400 ns, At safepoint: 49400 ns, Total: 6032800 ns
[2024-03-30T00:14:35.590+0000][7][gc,start    ] GC(6) Pause Young (Normal) (G1 Evacuation Pause)
[2024-03-30T00:14:35.591+0000][7][gc,task     ] GC(6) Using 6 workers of 8 for evacuation
[2024-03-30T00:14:35.591+0000][7][gc,age      ] GC(6) Desired survivor size 10485760 bytes, new threshold 5 (max threshold 15)
[2024-03-30T00:14:35.622+0000][7][gc,age      ] GC(6) Age table with threshold 5 (max threshold 15)
[2024-03-30T00:14:35.626+0000][7][gc,age      ] GC(6) - age   1:    2036112 bytes,    2036112 total
[2024-03-30T00:14:35.628+0000][7][gc,age      ] GC(6) - age   2:    1478320 bytes,    3514432 total
[2024-03-30T00:14:35.629+0000][7][gc,age      ] GC(6) - age   3:    1882632 bytes,    5397064 total
[2024-03-30T00:14:35.629+0000][7][gc,age      ] GC(6) - age   4:    3002536 bytes,    8399600 total
[2024-03-30T00:14:35.630+0000][7][gc,age      ] GC(6) - age   5:    1685384 bytes,   10084984 total
[2024-03-30T00:14:35.630+0000][7][gc,phases   ] GC(6)   Pre Evacuate Collection Set: 1.4ms
[2024-03-30T00:14:35.630+0000][7][gc,phases   ] GC(6)   Merge Heap Roots: 0.6ms
[2024-03-30T00:14:35.631+0000][7][gc,phases   ] GC(6)   Evacuate Collection Set: 26.0ms
[2024-03-30T00:14:35.632+0000][7][gc,phases   ] GC(6)   Post Evacuate Collection Set: 2.7ms
[2024-03-30T00:14:35.633+0000][7][gc,phases   ] GC(6)   Other: 9.3ms
[2024-03-30T00:14:35.634+0000][7][gc,heap     ] GC(6) Eden regions: 34->0(35)
[2024-03-30T00:14:35.635+0000][7][gc,heap     ] GC(6) Survivor regions: 4->3(5)
[2024-03-30T00:14:35.635+0000][7][gc,heap     ] GC(6) Old regions: 1->2
[2024-03-30T00:14:35.636+0000][7][gc,heap     ] GC(6) Archive regions: 2->2
[2024-03-30T00:14:35.636+0000][7][gc,heap     ] GC(6) Humongous regions: 0->0
[2024-03-30T00:14:35.636+0000][7][gc,metaspace] GC(6) Metaspace: 19078K(19968K)->19078K(19968K) NonClass: 16784K(17408K)->16784K(17408K) Class: 2294K(2560K)->2294K(2560K)
[2024-03-30T00:14:35.637+0000][7][gc          ] GC(6) Pause Young (Normal) (G1 Evacuation Pause) 155M->19M(256M) 46.640ms
[2024-03-30T00:14:35.637+0000][7][gc,cpu      ] GC(6) User=0.12s Sys=0.00s Real=0.05s
[2024-03-30T00:14:35.638+0000][7][safepoint   ] Safepoint "G1CollectForAllocation", Time since last: 177182002 ns, Reaching safepoint: 204500 ns, At safepoint: 47681601 ns, Total: 47886101 ns
[2024-03-30T00:14:36.217+0000][7][gc,start    ] GC(7) Pause Young (Normal) (G1 Evacuation Pause)
[2024-03-30T00:14:36.217+0000][7][gc,task     ] GC(7) Using 6 workers of 8 for evacuation
[2024-03-30T00:14:36.217+0000][7][gc,age      ] GC(7) Desired survivor size 10485760 bytes, new threshold 15 (max threshold 15)
[2024-03-30T00:14:36.244+0000][7][gc,age      ] GC(7) Age table with threshold 15 (max threshold 15)
[2024-03-30T00:14:36.244+0000][7][gc,age      ] GC(7) - age   1:     807248 bytes,     807248 total
[2024-03-30T00:14:36.244+0000][7][gc,age      ] GC(7) - age   2:    1240800 bytes,    2048048 total
[2024-03-30T00:14:36.246+0000][7][gc,age      ] GC(7) - age   3:    1477712 bytes,    3525760 total
[2024-03-30T00:14:36.247+0000][7][gc,age      ] GC(7) - age   4:    1882600 bytes,    5408360 total
[2024-03-30T00:14:36.248+0000][7][gc,age      ] GC(7) - age   5:    2998584 bytes,    8406944 total
[2024-03-30T00:14:36.250+0000][7][gc,age      ] GC(7) - age   6:    1685384 bytes,   10092328 total
[2024-03-30T00:14:36.252+0000][7][gc,phases   ] GC(7)   Pre Evacuate Collection Set: 0.2ms
[2024-03-30T00:14:36.252+0000][7][gc,phases   ] GC(7)   Merge Heap Roots: 0.2ms
[2024-03-30T00:14:36.253+0000][7][gc,phases   ] GC(7)   Evacuate Collection Set: 23.5ms
[2024-03-30T00:14:36.253+0000][7][gc,phases   ] GC(7)   Post Evacuate Collection Set: 2.1ms
[2024-03-30T00:14:36.254+0000][7][gc,phases   ] GC(7)   Other: 9.1ms
[2024-03-30T00:14:36.254+0000][7][gc,heap     ] GC(7) Eden regions: 35->0(35)
[2024-03-30T00:14:36.254+0000][7][gc,heap     ] GC(7) Survivor regions: 3->3(5)
[2024-03-30T00:14:36.255+0000][7][gc,heap     ] GC(7) Old regions: 2->2
[2024-03-30T00:14:36.255+0000][7][gc,heap     ] GC(7) Archive regions: 2->2
[2024-03-30T00:14:36.255+0000][7][gc,heap     ] GC(7) Humongous regions: 0->0
[2024-03-30T00:14:36.256+0000][7][gc,metaspace] GC(7) Metaspace: 19215K(20224K)->19215K(20224K) NonClass: 16895K(17664K)->16895K(17664K) Class: 2319K(2560K)->2319K(2560K)
[2024-03-30T00:14:36.256+0000][7][gc          ] GC(7) Pause Young (Normal) (G1 Evacuation Pause) 159M->19M(256M) 39.405ms
[2024-03-30T00:14:36.256+0000][7][gc,cpu      ] GC(7) User=0.08s Sys=0.01s Real=0.04s
[2024-03-30T00:14:36.257+0000][7][safepoint   ] Safepoint "G1CollectForAllocation", Time since last: 578651003 ns, Reaching safepoint: 249700 ns, At safepoint: 40273800 ns, Total: 40523500 ns
[2024-03-30T00:14:36.760+0000][7][gc,start    ] GC(8) Pause Young (Normal) (G1 Evacuation Pause)
[2024-03-30T00:14:36.760+0000][7][gc,task     ] GC(8) Using 6 workers of 8 for evacuation
[2024-03-30T00:14:36.761+0000][7][gc,age      ] GC(8) Desired survivor size 10485760 bytes, new threshold 15 (max threshold 15)
[2024-03-30T00:14:36.770+0000][7][gc,age      ] GC(8) Age table with threshold 15 (max threshold 15)
[2024-03-30T00:14:36.771+0000][7][gc,age      ] GC(8) - age   1:     325512 bytes,     325512 total
[2024-03-30T00:14:36.771+0000][7][gc,age      ] GC(8) - age   2:     255928 bytes,     581440 total
[2024-03-30T00:14:36.771+0000][7][gc,age      ] GC(8) - age   3:    1240800 bytes,    1822240 total
[2024-03-30T00:14:36.772+0000][7][gc,age      ] GC(8) - age   4:    1477712 bytes,    3299952 total
[2024-03-30T00:14:36.772+0000][7][gc,age      ] GC(8) - age   5:    1882600 bytes,    5182552 total
[2024-03-30T00:14:36.772+0000][7][gc,age      ] GC(8) - age   6:    2998584 bytes,    8181136 total
[2024-03-30T00:14:36.772+0000][7][gc,age      ] GC(8) - age   7:    1685384 bytes,    9866520 total
[2024-03-30T00:14:36.773+0000][7][gc,phases   ] GC(8)   Pre Evacuate Collection Set: 0.1ms
[2024-03-30T00:14:36.773+0000][7][gc,phases   ] GC(8)   Merge Heap Roots: 0.1ms
[2024-03-30T00:14:36.773+0000][7][gc,phases   ] GC(8)   Evacuate Collection Set: 8.2ms
[2024-03-30T00:14:36.774+0000][7][gc,phases   ] GC(8)   Post Evacuate Collection Set: 1.0ms
[2024-03-30T00:14:36.775+0000][7][gc,phases   ] GC(8)   Other: 3.1ms
[2024-03-30T00:14:36.775+0000][7][gc,heap     ] GC(8) Eden regions: 35->0(35)
[2024-03-30T00:14:36.776+0000][7][gc,heap     ] GC(8) Survivor regions: 3->3(5)
[2024-03-30T00:14:36.777+0000][7][gc,heap     ] GC(8) Old regions: 2->2
[2024-03-30T00:14:36.777+0000][7][gc,heap     ] GC(8) Archive regions: 2->2
[2024-03-30T00:14:36.777+0000][7][gc,heap     ] GC(8) Humongous regions: 0->0
[2024-03-30T00:14:36.777+0000][7][gc,metaspace] GC(8) Metaspace: 19438K(20608K)->19438K(20608K) NonClass: 17076K(17920K)->17076K(17920K) Class: 2361K(2688K)->2361K(2688K)
[2024-03-30T00:14:36.777+0000][7][gc          ] GC(8) Pause Young (Normal) (G1 Evacuation Pause) 159M->19M(256M) 17.201ms
[2024-03-30T00:14:36.778+0000][7][gc,cpu      ] GC(8) User=0.02s Sys=0.00s Real=0.02s
[2024-03-30T00:14:36.778+0000][7][safepoint   ] Safepoint "G1CollectForAllocation", Time since last: 503073603 ns, Reaching safepoint: 151000 ns, At safepoint: 17787700 ns, Total: 17938700 ns
[2024-03-30T00:14:37.242+0000][7][gc,start    ] GC(9) Pause Young (Normal) (G1 Evacuation Pause)
[2024-03-30T00:14:37.243+0000][7][gc,task     ] GC(9) Using 6 workers of 8 for evacuation
[2024-03-30T00:14:37.243+0000][7][gc,age      ] GC(9) Desired survivor size 10485760 bytes, new threshold 15 (max threshold 15)
[2024-03-30T00:14:37.269+0000][7][gc,age      ] GC(9) Age table with threshold 15 (max threshold 15)
[2024-03-30T00:14:37.269+0000][7][gc,age      ] GC(9) - age   1:    1017152 bytes,    1017152 total
[2024-03-30T00:14:37.270+0000][7][gc,age      ] GC(9) - age   2:     292128 bytes,    1309280 total
[2024-03-30T00:14:37.270+0000][7][gc,age      ] GC(9) - age   3:     255776 bytes,    1565056 total
[2024-03-30T00:14:37.270+0000][7][gc,age      ] GC(9) - age   4:    1240800 bytes,    2805856 total
[2024-03-30T00:14:37.271+0000][7][gc,age      ] GC(9) - age   5:    1477040 bytes,    4282896 total
[2024-03-30T00:14:37.272+0000][7][gc,age      ] GC(9) - age   6:    1882312 bytes,    6165208 total
[2024-03-30T00:14:37.272+0000][7][gc,age      ] GC(9) - age   7:    2998456 bytes,    9163664 total
[2024-03-30T00:14:37.272+0000][7][gc,age      ] GC(9) - age   8:    1685384 bytes,   10849048 total
[2024-03-30T00:14:37.273+0000][7][gc,phases   ] GC(9)   Pre Evacuate Collection Set: 0.1ms
[2024-03-30T00:14:37.273+0000][7][gc,phases   ] GC(9)   Merge Heap Roots: 0.1ms
[2024-03-30T00:14:37.274+0000][7][gc,phases   ] GC(9)   Evacuate Collection Set: 23.9ms
[2024-03-30T00:14:37.274+0000][7][gc,phases   ] GC(9)   Post Evacuate Collection Set: 1.0ms
[2024-03-30T00:14:37.276+0000][7][gc,phases   ] GC(9)   Other: 5.5ms
[2024-03-30T00:14:37.282+0000][7][gc,heap     ] GC(9) Eden regions: 35->0(35)
[2024-03-30T00:14:37.283+0000][7][gc,heap     ] GC(9) Survivor regions: 3->3(5)
[2024-03-30T00:14:37.283+0000][7][gc,heap     ] GC(9) Old regions: 2->2
[2024-03-30T00:14:37.284+0000][7][gc,heap     ] GC(9) Archive regions: 2->2
[2024-03-30T00:14:37.284+0000][7][gc,heap     ] GC(9) Humongous regions: 0->0
[2024-03-30T00:14:37.285+0000][7][gc,metaspace] GC(9) Metaspace: 19507K(20608K)->19507K(20608K) NonClass: 17132K(17920K)->17132K(17920K) Class: 2374K(2688K)->2374K(2688K)
[2024-03-30T00:14:37.286+0000][7][gc          ] GC(9) Pause Young (Normal) (G1 Evacuation Pause) 159M->20M(256M) 44.150ms
[2024-03-30T00:14:37.287+0000][7][gc,cpu      ] GC(9) User=0.03s Sys=0.00s Real=0.05s
[2024-03-30T00:14:37.288+0000][7][safepoint   ] Safepoint "G1CollectForAllocation", Time since last: 463481303 ns, Reaching safepoint: 517400 ns, At safepoint: 45708700 ns, Total: 46226100 ns
[2024-03-30T00:14:38.019+0000][7][gc,start    ] GC(10) Pause Young (Normal) (G1 Evacuation Pause)
[2024-03-30T00:14:38.020+0000][7][gc,task     ] GC(10) Using 6 workers of 8 for evacuation
[2024-03-30T00:14:38.020+0000][7][gc,age      ] GC(10) Desired survivor size 10485760 bytes, new threshold 8 (max threshold 15)
[2024-03-30T00:14:38.029+0000][7][gc,age      ] GC(10) Age table with threshold 8 (max threshold 15)
[2024-03-30T00:14:38.029+0000][7][gc,age      ] GC(10) - age   1:    1976512 bytes,    1976512 total
[2024-03-30T00:14:38.030+0000][7][gc,age      ] GC(10) - age   2:     413024 bytes,    2389536 total
[2024-03-30T00:14:38.030+0000][7][gc,age      ] GC(10) - age   3:     292128 bytes,    2681664 total
[2024-03-30T00:14:38.030+0000][7][gc,age      ] GC(10) - age   4:     255712 bytes,    2937376 total
[2024-03-30T00:14:38.030+0000][7][gc,age      ] GC(10) - age   5:    1240800 bytes,    4178176 total
[2024-03-30T00:14:38.030+0000][7][gc,age      ] GC(10) - age   6:    1476000 bytes,    5654176 total
[2024-03-30T00:14:38.031+0000][7][gc,age      ] GC(10) - age   7:    1882120 bytes,    7536296 total
[2024-03-30T00:14:38.031+0000][7][gc,age      ] GC(10) - age   8:    2998160 bytes,   10534456 total
[2024-03-30T00:14:38.032+0000][7][gc,phases   ] GC(10)   Pre Evacuate Collection Set: 0.2ms
[2024-03-30T00:14:38.032+0000][7][gc,phases   ] GC(10)   Merge Heap Roots: 0.2ms
[2024-03-30T00:14:38.032+0000][7][gc,phases   ] GC(10)   Evacuate Collection Set: 7.3ms
[2024-03-30T00:14:38.032+0000][7][gc,phases   ] GC(10)   Post Evacuate Collection Set: 1.0ms
[2024-03-30T00:14:38.033+0000][7][gc,phases   ] GC(10)   Other: 3.6ms
[2024-03-30T00:14:38.033+0000][7][gc,heap     ] GC(10) Eden regions: 35->0(35)
[2024-03-30T00:14:38.033+0000][7][gc,heap     ] GC(10) Survivor regions: 3->3(5)
[2024-03-30T00:14:38.033+0000][7][gc,heap     ] GC(10) Old regions: 2->2
[2024-03-30T00:14:38.033+0000][7][gc,heap     ] GC(10) Archive regions: 2->2
[2024-03-30T00:14:38.034+0000][7][gc,heap     ] GC(10) Humongous regions: 0->0
[2024-03-30T00:14:38.034+0000][7][gc,metaspace] GC(10) Metaspace: 19817K(21120K)->19817K(21120K) NonClass: 17388K(18432K)->17388K(18432K) Class: 2428K(2688K)->2428K(2688K)
[2024-03-30T00:14:38.034+0000][7][gc          ] GC(10) Pause Young (Normal) (G1 Evacuation Pause) 160M->21M(256M) 14.725ms
[2024-03-30T00:14:38.034+0000][7][gc,cpu      ] GC(10) User=0.03s Sys=0.00s Real=0.01s
[2024-03-30T00:14:38.035+0000][7][safepoint   ] Safepoint "G1CollectForAllocation", Time since last: 731571804 ns, Reaching safepoint: 169800 ns, At safepoint: 15376900 ns, Total: 15546700 ns
[2024-03-30T00:14:38.568+0000][7][gc,start    ] GC(11) Pause Young (Normal) (G1 Evacuation Pause)
[2024-03-30T00:14:38.568+0000][7][gc,task     ] GC(11) Using 6 workers of 8 for evacuation
[2024-03-30T00:14:38.569+0000][7][gc,age      ] GC(11) Desired survivor size 10485760 bytes, new threshold 8 (max threshold 15)
[2024-03-30T00:14:38.582+0000][7][gc,age      ] GC(11) Age table with threshold 8 (max threshold 15)
[2024-03-30T00:14:38.583+0000][7][gc,age      ] GC(11) - age   1:    1129064 bytes,    1129064 total
[2024-03-30T00:14:38.583+0000][7][gc,age      ] GC(11) - age   2:    1616376 bytes,    2745440 total
[2024-03-30T00:14:38.583+0000][7][gc,age      ] GC(11) - age   3:     412032 bytes,    3157472 total
[2024-03-30T00:14:38.584+0000][7][gc,age      ] GC(11) - age   4:     292064 bytes,    3449536 total
[2024-03-30T00:14:38.584+0000][7][gc,age      ] GC(11) - age   5:     255712 bytes,    3705248 total
[2024-03-30T00:14:38.585+0000][7][gc,age      ] GC(11) - age   6:    1240800 bytes,    4946048 total
[2024-03-30T00:14:38.585+0000][7][gc,age      ] GC(11) - age   7:    1476000 bytes,    6422048 total
[2024-03-30T00:14:38.585+0000][7][gc,age      ] GC(11) - age   8:    1882120 bytes,    8304168 total
[2024-03-30T00:14:38.585+0000][7][gc,phases   ] GC(11)   Pre Evacuate Collection Set: 0.2ms
[2024-03-30T00:14:38.586+0000][7][gc,phases   ] GC(11)   Merge Heap Roots: 0.2ms
[2024-03-30T00:14:38.586+0000][7][gc,phases   ] GC(11)   Evacuate Collection Set: 11.4ms
[2024-03-30T00:14:38.586+0000][7][gc,phases   ] GC(11)   Post Evacuate Collection Set: 1.2ms
[2024-03-30T00:14:38.586+0000][7][gc,phases   ] GC(11)   Other: 4.8ms
[2024-03-30T00:14:38.587+0000][7][gc,heap     ] GC(11) Eden regions: 35->0(35)
[2024-03-30T00:14:38.588+0000][7][gc,heap     ] GC(11) Survivor regions: 3->3(5)
[2024-03-30T00:14:38.588+0000][7][gc,heap     ] GC(11) Old regions: 2->3
[2024-03-30T00:14:38.588+0000][7][gc,heap     ] GC(11) Archive regions: 2->2
[2024-03-30T00:14:38.589+0000][7][gc,heap     ] GC(11) Humongous regions: 0->0
[2024-03-30T00:14:38.589+0000][7][gc,metaspace] GC(11) Metaspace: 19906K(21120K)->19906K(21120K) NonClass: 17465K(18432K)->17465K(18432K) Class: 2441K(2688K)->2441K(2688K)
[2024-03-30T00:14:38.589+0000][7][gc          ] GC(11) Pause Young (Normal) (G1 Evacuation Pause) 161M->22M(256M) 21.458ms
[2024-03-30T00:14:38.590+0000][7][gc,cpu      ] GC(11) User=0.02s Sys=0.01s Real=0.03s
[2024-03-30T00:14:38.591+0000][7][safepoint   ] Safepoint "G1CollectForAllocation", Time since last: 532848903 ns, Reaching safepoint: 141500 ns, At safepoint: 23638900 ns, Total: 23780400 ns
[2024-03-30T00:14:39.032+0000][7][gc,start    ] GC(12) Pause Young (Concurrent Start) (Metadata GC Threshold)
[2024-03-30T00:14:39.032+0000][7][gc,task     ] GC(12) Using 6 workers of 8 for evacuation
[2024-03-30T00:14:39.033+0000][7][gc,age      ] GC(12) Desired survivor size 10485760 bytes, new threshold 15 (max threshold 15)
[2024-03-30T00:14:39.041+0000][7][gc,age      ] GC(12) Age table with threshold 15 (max threshold 15)
[2024-03-30T00:14:39.042+0000][7][gc,age      ] GC(12) - age   1:     286912 bytes,     286912 total
[2024-03-30T00:14:39.042+0000][7][gc,age      ] GC(12) - age   2:     535992 bytes,     822904 total
[2024-03-30T00:14:39.042+0000][7][gc,age      ] GC(12) - age   3:    1616376 bytes,    2439280 total
[2024-03-30T00:14:39.043+0000][7][gc,age      ] GC(12) - age   4:     411816 bytes,    2851096 total
[2024-03-30T00:14:39.043+0000][7][gc,age      ] GC(12) - age   5:     292064 bytes,    3143160 total
[2024-03-30T00:14:39.043+0000][7][gc,age      ] GC(12) - age   6:     255168 bytes,    3398328 total
[2024-03-30T00:14:39.043+0000][7][gc,age      ] GC(12) - age   7:    1240800 bytes,    4639128 total
[2024-03-30T00:14:39.044+0000][7][gc,age      ] GC(12) - age   8:    1476000 bytes,    6115128 total
[2024-03-30T00:14:39.044+0000][7][gc,age      ] GC(12) - age   9:    1882120 bytes,    7997248 total
[2024-03-30T00:14:39.045+0000][7][gc,phases   ] GC(12)   Pre Evacuate Collection Set: 0.2ms
[2024-03-30T00:14:39.045+0000][7][gc,phases   ] GC(12)   Merge Heap Roots: 0.1ms
[2024-03-30T00:14:39.045+0000][7][gc,phases   ] GC(12)   Evacuate Collection Set: 5.5ms
[2024-03-30T00:14:39.046+0000][7][gc,phases   ] GC(12)   Post Evacuate Collection Set: 2.1ms
[2024-03-30T00:14:39.046+0000][7][gc,phases   ] GC(12)   Other: 4.8ms
[2024-03-30T00:14:39.047+0000][7][gc,heap     ] GC(12) Eden regions: 29->0(35)
[2024-03-30T00:14:39.047+0000][7][gc,heap     ] GC(12) Survivor regions: 3->3(5)
[2024-03-30T00:14:39.047+0000][7][gc,heap     ] GC(12) Old regions: 3->3
[2024-03-30T00:14:39.053+0000][7][gc,heap     ] GC(12) Archive regions: 2->2
[2024-03-30T00:14:39.053+0000][7][gc,heap     ] GC(12) Humongous regions: 0->0
[2024-03-30T00:14:39.054+0000][7][gc,metaspace] GC(12) Metaspace: 19940K(21248K)->19940K(21248K) NonClass: 17491K(18432K)->17491K(18432K) Class: 2448K(2816K)->2448K(2816K)
[2024-03-30T00:14:39.055+0000][7][gc          ] GC(12) Pause Young (Concurrent Start) (Metadata GC Threshold) 136M->21M(256M) 22.723ms
[2024-03-30T00:14:39.055+0000][7][gc,cpu      ] GC(12) User=0.02s Sys=0.00s Real=0.02s
[2024-03-30T00:14:39.055+0000][7][gc          ] GC(13) Concurrent Cycle
[2024-03-30T00:14:39.056+0000][7][safepoint   ] Safepoint "CollectForMetadataAllocation", Time since last: 440147503 ns, Reaching safepoint: 238300 ns, At safepoint: 23988200 ns, Total: 24226500 ns
[2024-03-30T00:14:39.056+0000][7][gc,marking  ] GC(13) Concurrent Clear Claimed Marks
[2024-03-30T00:14:39.057+0000][7][gc,marking  ] GC(13) Concurrent Clear Claimed Marks 1.555ms
[2024-03-30T00:14:39.058+0000][7][gc,marking  ] GC(13) Concurrent Scan Root Regions
[2024-03-30T00:14:39.077+0000][7][gc,marking  ] GC(13) Concurrent Scan Root Regions 19.121ms
[2024-03-30T00:14:39.077+0000][7][gc,marking  ] GC(13) Concurrent Mark (21.536s)
[2024-03-30T00:14:39.077+0000][7][gc,marking  ] GC(13) Concurrent Mark From Roots
[2024-03-30T00:14:39.078+0000][7][gc,task     ] GC(13) Using 2 workers of 2 for marking
[2024-03-30T00:14:39.097+0000][7][gc,marking  ] GC(13) Concurrent Mark From Roots 19.343ms
[2024-03-30T00:14:39.097+0000][7][gc,marking  ] GC(13) Concurrent Preclean
[2024-03-30T00:14:39.098+0000][7][gc,marking  ] GC(13) Concurrent Preclean 0.768ms
[2024-03-30T00:14:39.098+0000][7][gc,marking  ] GC(13) Concurrent Mark (21.536s, 21.557s) 21.000ms
[2024-03-30T00:14:39.099+0000][7][gc,start    ] GC(13) Pause Remark
[2024-03-30T00:14:39.112+0000][7][gc          ] GC(13) Pause Remark 31M->31M(256M) 12.891ms
[2024-03-30T00:14:39.113+0000][7][gc,cpu      ] GC(13) User=0.01s Sys=0.00s Real=0.01s
[2024-03-30T00:14:39.113+0000][7][safepoint   ] Safepoint "G1Concurrent", Time since last: 42890700 ns, Reaching safepoint: 841200 ns, At safepoint: 13965400 ns, Total: 14806600 ns
[2024-03-30T00:14:39.114+0000][7][gc,marking  ] GC(13) Concurrent Rebuild Remembered Sets
[2024-03-30T00:14:39.122+0000][7][gc,marking  ] GC(13) Concurrent Rebuild Remembered Sets 8.211ms
[2024-03-30T00:14:39.123+0000][7][gc,start    ] GC(13) Pause Cleanup
[2024-03-30T00:14:39.124+0000][7][gc          ] GC(13) Pause Cleanup 35M->35M(256M) 0.578ms
[2024-03-30T00:14:39.124+0000][7][gc,cpu      ] GC(13) User=0.00s Sys=0.00s Real=0.00s
[2024-03-30T00:14:39.125+0000][7][safepoint   ] Safepoint "G1Concurrent", Time since last: 9038000 ns, Reaching safepoint: 795300 ns, At safepoint: 1277500 ns, Total: 2072800 ns
[2024-03-30T00:14:39.127+0000][7][gc,marking  ] GC(13) Concurrent Cleanup for Next Mark
[2024-03-30T00:14:39.128+0000][7][gc,marking  ] GC(13) Concurrent Cleanup for Next Mark 0.634ms
[2024-03-30T00:14:39.128+0000][7][gc          ] GC(13) Concurrent Cycle 72.660ms
[2024-03-30T00:14:40.132+0000][7][safepoint   ] Safepoint "Cleanup", Time since last: 1002588006 ns, Reaching safepoint: 4629900 ns, At safepoint: 41300 ns, Total: 4671200 ns
[2024-03-30T00:14:41.259+0000][7][safepoint   ] Safepoint "Cleanup", Time since last: 1127027707 ns, Reaching safepoint: 318800 ns, At safepoint: 13100 ns, Total: 331900 ns
[2024-03-30T00:14:42.224+0000][7][gc,start    ] GC(14) Pause Young (Normal) (G1 Evacuation Pause)
[2024-03-30T00:14:42.225+0000][7][gc,task     ] GC(14) Using 6 workers of 8 for evacuation
[2024-03-30T00:14:42.225+0000][7][gc,age      ] GC(14) Desired survivor size 10485760 bytes, new threshold 15 (max threshold 15)
[2024-03-30T00:14:42.285+0000][7][gc,age      ] GC(14) Age table with threshold 15 (max threshold 15)
[2024-03-30T00:14:42.285+0000][7][gc,age      ] GC(14) - age   1:    8440248 bytes,    8440248 total
[2024-03-30T00:14:42.286+0000][7][gc,age      ] GC(14) - age   2:     260800 bytes,    8701048 total
[2024-03-30T00:14:42.286+0000][7][gc,age      ] GC(14) - age   3:     535520 bytes,    9236568 total
[2024-03-30T00:14:42.286+0000][7][gc,age      ] GC(14) - age   4:    1612128 bytes,   10848696 total
[2024-03-30T00:14:42.287+0000][7][gc,age      ] GC(14) - age   5:     411256 bytes,   11259952 total
[2024-03-30T00:14:42.289+0000][7][gc,age      ] GC(14) - age   6:     291536 bytes,   11551488 total
[2024-03-30T00:14:42.289+0000][7][gc,age      ] GC(14) - age   7:     248184 bytes,   11799672 total
[2024-03-30T00:14:42.290+0000][7][gc,age      ] GC(14) - age   8:    1237952 bytes,   13037624 total
[2024-03-30T00:14:42.290+0000][7][gc,age      ] GC(14) - age   9:    1472496 bytes,   14510120 total
[2024-03-30T00:14:42.291+0000][7][gc,age      ] GC(14) - age  10:    1874704 bytes,   16384824 total
[2024-03-30T00:14:42.291+0000][7][gc,phases   ] GC(14)   Pre Evacuate Collection Set: 0.1ms
[2024-03-30T00:14:42.291+0000][7][gc,phases   ] GC(14)   Merge Heap Roots: 0.1ms
[2024-03-30T00:14:42.292+0000][7][gc,phases   ] GC(14)   Evacuate Collection Set: 47.6ms
[2024-03-30T00:14:42.292+0000][7][gc,phases   ] GC(14)   Post Evacuate Collection Set: 11.8ms
[2024-03-30T00:14:42.293+0000][7][gc,phases   ] GC(14)   Other: 7.8ms
[2024-03-30T00:14:42.293+0000][7][gc,heap     ] GC(14) Eden regions: 35->0(33)
[2024-03-30T00:14:42.293+0000][7][gc,heap     ] GC(14) Survivor regions: 3->5(5)
[2024-03-30T00:14:42.294+0000][7][gc,heap     ] GC(14) Old regions: 3->3
[2024-03-30T00:14:42.294+0000][7][gc,heap     ] GC(14) Archive regions: 2->2
[2024-03-30T00:14:42.294+0000][7][gc,heap     ] GC(14) Humongous regions: 0->0
[2024-03-30T00:14:42.295+0000][7][gc,metaspace] GC(14) Metaspace: 29602K(31616K)->29602K(31616K) NonClass: 25903K(27392K)->25903K(27392K) Class: 3698K(4224K)->3698K(4224K)
[2024-03-30T00:14:42.295+0000][7][gc          ] GC(14) Pause Young (Normal) (G1 Evacuation Pause) 161M->30M(256M) 71.069ms
[2024-03-30T00:14:42.295+0000][7][gc,cpu      ] GC(14) User=0.18s Sys=0.03s Real=0.07s
[2024-03-30T00:14:42.295+0000][7][safepoint   ] Safepoint "G1CollectForAllocation", Time since last: 964091405 ns, Reaching safepoint: 426100 ns, At safepoint: 71701600 ns, Total: 72127700 ns
[2024-03-30T00:14:43.501+0000][7][safepoint   ] Safepoint "Cleanup", Time since last: 1204833307 ns, Reaching safepoint: 563200 ns, At safepoint: 45900 ns, Total: 609100 ns
[2024-03-30T00:14:44.438+0000][7][gc,start    ] GC(15) Pause Young (Normal) (G1 Evacuation Pause)
[2024-03-30T00:14:44.509+0000][7][gc,task     ] GC(15) Using 6 workers of 8 for evacuation
[2024-03-30T00:14:44.526+0000][7][gc,age      ] GC(15) Desired survivor size 10485760 bytes, new threshold 4 (max threshold 15)
[2024-03-30T00:14:44.681+0000][7][gc,age      ] GC(15) Age table with threshold 4 (max threshold 15)
[2024-03-30T00:14:44.716+0000][7][gc,age      ] GC(15) - age   1:   12001400 bytes,   12001400 total
[2024-03-30T00:14:44.722+0000][7][gc,age      ] GC(15) - age   2:    8162696 bytes,   20164096 total
[2024-03-30T00:14:44.724+0000][7][gc,age      ] GC(15) - age   3:     258744 bytes,   20422840 total
[2024-03-30T00:14:44.728+0000][7][gc,age      ] GC(15) - age   4:     535520 bytes,   20958360 total
[2024-03-30T00:14:44.740+0000][7][gc,mmu      ] GC(15) MMU target violated: 201.0ms (200.0ms/201.0ms)
[2024-03-30T00:14:44.754+0000][7][gc,phases   ] GC(15)   Pre Evacuate Collection Set: 0.1ms
[2024-03-30T00:14:44.762+0000][7][gc,phases   ] GC(15)   Merge Heap Roots: 0.1ms
[2024-03-30T00:14:44.780+0000][7][gc,phases   ] GC(15)   Evacuate Collection Set: 82.6ms
[2024-03-30T00:14:44.783+0000][7][gc,phases   ] GC(15)   Post Evacuate Collection Set: 11.2ms
[2024-03-30T00:14:44.784+0000][7][gc,phases   ] GC(15)   Other: 222.6ms
[2024-03-30T00:14:44.808+0000][7][gc,heap     ] GC(15) Eden regions: 33->0(33)
[2024-03-30T00:14:44.810+0000][7][gc,heap     ] GC(15) Survivor regions: 5->5(5)
[2024-03-30T00:14:44.810+0000][7][gc,heap     ] GC(15) Old regions: 3->6
[2024-03-30T00:14:44.813+0000][7][gc,heap     ] GC(15) Archive regions: 2->2
[2024-03-30T00:14:44.814+0000][7][gc,heap     ] GC(15) Humongous regions: 0->0
[2024-03-30T00:14:44.821+0000][7][gc,metaspace] GC(15) Metaspace: 29994K(32256K)->29994K(32256K) NonClass: 26240K(27904K)->26240K(27904K) Class: 3754K(4352K)->3754K(4352K)
[2024-03-30T00:14:44.822+0000][7][gc          ] GC(15) Pause Young (Normal) (G1 Evacuation Pause) 162M->44M(256M) 384.751ms
[2024-03-30T00:14:44.830+0000][7][gc,cpu      ] GC(15) User=0.62s Sys=0.09s Real=0.40s
[2024-03-30T00:14:44.831+0000][7][safepoint   ] Safepoint "G1CollectForAllocation", Time since last: 936432004 ns, Reaching safepoint: 226200 ns, At safepoint: 393161302 ns, Total: 393387502 ns
[2024-03-30T00:14:45.853+0000][7][safepoint   ] Safepoint "Cleanup", Time since last: 1021734203 ns, Reaching safepoint: 446200 ns, At safepoint: 64200 ns, Total: 510400 ns
[2024-03-30T00:14:46.885+0000][7][safepoint   ] Safepoint "Cleanup", Time since last: 1031246504 ns, Reaching safepoint: 311100 ns, At safepoint: 63800 ns, Total: 374900 ns
[2024-03-30T00:14:47.014+0000][7][gc,start    ] GC(16) Pause Young (Concurrent Start) (Metadata GC Threshold)
[2024-03-30T00:14:47.016+0000][7][gc,task     ] GC(16) Using 6 workers of 8 for evacuation
[2024-03-30T00:14:47.023+0000][7][gc,age      ] GC(16) Desired survivor size 10485760 bytes, new threshold 1 (max threshold 15)
[2024-03-30T00:14:47.104+0000][7][gc,age      ] GC(16) Age table with threshold 1 (max threshold 15)
[2024-03-30T00:14:47.105+0000][7][gc,age      ] GC(16) - age   1:   14264672 bytes,   14264672 total
[2024-03-30T00:14:47.109+0000][7][gc,phases   ] GC(16)   Pre Evacuate Collection Set: 0.4ms
[2024-03-30T00:14:47.111+0000][7][gc,phases   ] GC(16)   Merge Heap Roots: 0.2ms
[2024-03-30T00:14:47.111+0000][7][gc,phases   ] GC(16)   Evacuate Collection Set: 76.4ms
[2024-03-30T00:14:47.112+0000][7][gc,phases   ] GC(16)   Post Evacuate Collection Set: 3.6ms
[2024-03-30T00:14:47.113+0000][7][gc,phases   ] GC(16)   Other: 13.7ms
[2024-03-30T00:14:47.114+0000][7][gc,heap     ] GC(16) Eden regions: 24->0(29)
[2024-03-30T00:14:47.114+0000][7][gc,heap     ] GC(16) Survivor regions: 5->4(5)
[2024-03-30T00:14:47.114+0000][7][gc,heap     ] GC(16) Old regions: 6->11
[2024-03-30T00:14:47.115+0000][7][gc,heap     ] GC(16) Archive regions: 2->2
[2024-03-30T00:14:47.115+0000][7][gc,heap     ] GC(16) Humongous regions: 0->0
[2024-03-30T00:14:47.115+0000][7][gc,metaspace] GC(16) Metaspace: 33566K(35840K)->33566K(35840K) NonClass: 29225K(30848K)->29225K(30848K) Class: 4341K(4992K)->4341K(4992K)
[2024-03-30T00:14:47.116+0000][7][gc          ] GC(16) Pause Young (Concurrent Start) (Metadata GC Threshold) 140M->60M(256M) 101.523ms
[2024-03-30T00:14:47.116+0000][7][gc,cpu      ] GC(16) User=0.31s Sys=0.07s Real=0.11s
[2024-03-30T00:14:47.117+0000][7][gc          ] GC(17) Concurrent Cycle
[2024-03-30T00:14:47.119+0000][7][gc,marking  ] GC(17) Concurrent Clear Claimed Marks
[2024-03-30T00:14:47.120+0000][7][gc,marking  ] GC(17) Concurrent Clear Claimed Marks 0.634ms
[2024-03-30T00:14:47.122+0000][7][gc,marking  ] GC(17) Concurrent Scan Root Regions
[2024-03-30T00:14:47.118+0000][7][safepoint   ] Safepoint "CollectForMetadataAllocation", Time since last: 129519501 ns, Reaching safepoint: 194300 ns, At safepoint: 104095800 ns, Total: 104290100 ns
[2024-03-30T00:14:47.164+0000][7][gc,marking  ] GC(17) Concurrent Scan Root Regions 42.270ms
[2024-03-30T00:14:47.164+0000][7][gc,marking  ] GC(17) Concurrent Mark (29.623s)
[2024-03-30T00:14:47.165+0000][7][gc,marking  ] GC(17) Concurrent Mark From Roots
[2024-03-30T00:14:47.165+0000][7][gc,task     ] GC(17) Using 2 workers of 2 for marking
[2024-03-30T00:14:47.197+0000][7][safepoint   ] Safepoint "CollectForMetadataAllocation", Time since last: 66560901 ns, Reaching safepoint: 11388100 ns, At safepoint: 304500 ns, Total: 11692600 ns
[2024-03-30T00:14:47.223+0000][7][gc,marking  ] GC(17) Concurrent Mark From Roots 58.637ms
[2024-03-30T00:14:47.224+0000][7][gc,marking  ] GC(17) Concurrent Preclean
[2024-03-30T00:14:47.226+0000][7][gc,marking  ] GC(17) Concurrent Preclean 1.771ms
[2024-03-30T00:14:47.227+0000][7][gc,marking  ] GC(17) Concurrent Mark (29.623s, 29.686s) 62.733ms
[2024-03-30T00:14:47.229+0000][7][gc,start    ] GC(17) Pause Remark
[2024-03-30T00:14:47.236+0000][7][gc          ] GC(17) Pause Remark 62M->62M(256M) 6.838ms
[2024-03-30T00:14:47.237+0000][7][gc,cpu      ] GC(17) User=0.03s Sys=0.00s Real=0.01s
[2024-03-30T00:14:47.237+0000][7][safepoint   ] Safepoint "G1Concurrent", Time since last: 32259000 ns, Reaching safepoint: 412800 ns, At safepoint: 7643500 ns, Total: 8056300 ns
[2024-03-30T00:14:47.237+0000][7][gc,marking  ] GC(17) Concurrent Rebuild Remembered Sets
[2024-03-30T00:14:47.330+0000][7][gc,marking  ] GC(17) Concurrent Rebuild Remembered Sets 92.609ms
[2024-03-30T00:14:47.335+0000][7][gc,start    ] GC(17) Pause Cleanup
[2024-03-30T00:14:47.336+0000][7][gc          ] GC(17) Pause Cleanup 64M->64M(256M) 0.740ms
[2024-03-30T00:14:47.336+0000][7][gc,cpu      ] GC(17) User=0.01s Sys=0.00s Real=0.01s
[2024-03-30T00:14:47.337+0000][7][safepoint   ] Safepoint "G1Concurrent", Time since last: 97074100 ns, Reaching safepoint: 812300 ns, At safepoint: 1927900 ns, Total: 2740200 ns
[2024-03-30T00:14:47.341+0000][7][gc,marking  ] GC(17) Concurrent Cleanup for Next Mark
[2024-03-30T00:14:47.344+0000][7][gc,marking  ] GC(17) Concurrent Cleanup for Next Mark 2.888ms
[2024-03-30T00:14:47.344+0000][7][gc          ] GC(17) Concurrent Cycle 227.709ms
[2024-03-30T00:14:47.939+0000][7][gc,start    ] GC(18) Pause Young (Concurrent Start) (G1 Evacuation Pause)
[2024-03-30T00:14:47.939+0000][7][gc,task     ] GC(18) Using 6 workers of 8 for evacuation
[2024-03-30T00:14:47.939+0000][7][gc,age      ] GC(18) Desired survivor size 10485760 bytes, new threshold 1 (max threshold 15)
[2024-03-30T00:14:47.959+0000][7][gc,age      ] GC(18) Age table with threshold 1 (max threshold 15)
[2024-03-30T00:14:47.960+0000][7][gc,age      ] GC(18) - age   1:    1358408 bytes,    1358408 total
[2024-03-30T00:14:47.960+0000][7][gc,phases   ] GC(18)   Pre Evacuate Collection Set: 0.3ms
[2024-03-30T00:14:47.960+0000][7][gc,phases   ] GC(18)   Merge Heap Roots: 0.2ms
[2024-03-30T00:14:47.961+0000][7][gc,phases   ] GC(18)   Evacuate Collection Set: 18.3ms
[2024-03-30T00:14:47.961+0000][7][gc,phases   ] GC(18)   Post Evacuate Collection Set: 0.7ms
[2024-03-30T00:14:47.961+0000][7][gc,phases   ] GC(18)   Other: 1.9ms
[2024-03-30T00:14:47.961+0000][7][gc,heap     ] GC(18) Eden regions: 29->0(30)
[2024-03-30T00:14:47.962+0000][7][gc,heap     ] GC(18) Survivor regions: 4->1(5)
[2024-03-30T00:14:47.962+0000][7][gc,heap     ] GC(18) Old regions: 11->14
[2024-03-30T00:14:47.962+0000][7][gc,heap     ] GC(18) Archive regions: 2->2
[2024-03-30T00:14:47.962+0000][7][gc,heap     ] GC(18) Humongous regions: 0->0
[2024-03-30T00:14:47.963+0000][7][gc,metaspace] GC(18) Metaspace: 35972K(38528K)->35972K(38528K) NonClass: 31397K(33280K)->31397K(33280K) Class: 4575K(5248K)->4575K(5248K)
[2024-03-30T00:14:47.963+0000][7][gc          ] GC(18) Pause Young (Concurrent Start) (G1 Evacuation Pause) 176M->62M(256M) 24.161ms
[2024-03-30T00:14:47.969+0000][7][gc,cpu      ] GC(18) User=0.09s Sys=0.00s Real=0.03s
[2024-03-30T00:14:47.969+0000][7][gc          ] GC(19) Concurrent Cycle
[2024-03-30T00:14:47.969+0000][7][gc,marking  ] GC(19) Concurrent Clear Claimed Marks
[2024-03-30T00:14:47.971+0000][7][gc,marking  ] GC(19) Concurrent Clear Claimed Marks 1.136ms
[2024-03-30T00:14:47.971+0000][7][gc,marking  ] GC(19) Concurrent Scan Root Regions
[2024-03-30T00:14:47.970+0000][7][safepoint   ] Safepoint "G1CollectForAllocation", Time since last: 601398402 ns, Reaching safepoint: 557900 ns, At safepoint: 31519101 ns, Total: 32077001 ns
[2024-03-30T00:14:47.987+0000][7][gc,marking  ] GC(19) Concurrent Scan Root Regions 16.540ms
[2024-03-30T00:14:47.988+0000][7][gc,marking  ] GC(19) Concurrent Mark (30.447s)
[2024-03-30T00:14:47.988+0000][7][gc,marking  ] GC(19) Concurrent Mark From Roots
[2024-03-30T00:14:47.988+0000][7][gc,task     ] GC(19) Using 2 workers of 2 for marking
[2024-03-30T00:14:48.209+0000][7][gc,marking  ] GC(19) Concurrent Mark From Roots 220.806ms
[2024-03-30T00:14:48.209+0000][7][gc,marking  ] GC(19) Concurrent Preclean
[2024-03-30T00:14:48.210+0000][7][gc,marking  ] GC(19) Concurrent Preclean 0.836ms
[2024-03-30T00:14:48.211+0000][7][gc,marking  ] GC(19) Concurrent Mark (30.447s, 30.670s) 222.984ms
[2024-03-30T00:14:48.213+0000][7][gc,start    ] GC(19) Pause Remark
[2024-03-30T00:14:48.219+0000][7][gc          ] GC(19) Pause Remark 70M->70M(256M) 5.751ms
[2024-03-30T00:14:48.219+0000][7][gc,cpu      ] GC(19) User=0.02s Sys=0.01s Real=0.01s
[2024-03-30T00:14:48.220+0000][7][safepoint   ] Safepoint "G1Concurrent", Time since last: 241063300 ns, Reaching safepoint: 1668800 ns, At safepoint: 6982800 ns, Total: 8651600 ns
[2024-03-30T00:14:48.221+0000][7][gc,marking  ] GC(19) Concurrent Rebuild Remembered Sets
[2024-03-30T00:14:48.382+0000][7][gc,marking  ] GC(19) Concurrent Rebuild Remembered Sets 161.084ms
[2024-03-30T00:14:48.386+0000][7][gc,start    ] GC(19) Pause Cleanup
[2024-03-30T00:14:48.395+0000][7][gc          ] GC(19) Pause Cleanup 72M->72M(256M) 8.236ms
[2024-03-30T00:14:48.410+0000][7][gc,cpu      ] GC(19) User=0.00s Sys=0.01s Real=0.02s
[2024-03-30T00:14:48.419+0000][7][safepoint   ] Safepoint "G1Concurrent", Time since last: 162668601 ns, Reaching safepoint: 3693600 ns, At safepoint: 33174600 ns, Total: 36868200 ns
[2024-03-30T00:14:48.424+0000][7][gc,marking  ] GC(19) Concurrent Cleanup for Next Mark
[2024-03-30T00:14:48.426+0000][7][gc,marking  ] GC(19) Concurrent Cleanup for Next Mark 1.951ms
[2024-03-30T00:14:48.427+0000][7][gc          ] GC(19) Concurrent Cycle 457.831ms
[2024-03-30T00:14:49.425+0000][7][safepoint   ] Safepoint "Cleanup", Time since last: 1004952004 ns, Reaching safepoint: 330900 ns, At safepoint: 65400 ns, Total: 396300 ns
[2024-03-30T00:14:50.593+0000][7][safepoint   ] Safepoint "Cleanup", Time since last: 1167635405 ns, Reaching safepoint: 449700 ns, At safepoint: 159600 ns, Total: 609300 ns
[2024-03-30T00:14:51.297+0000][7][safepoint   ] Safepoint "ICBufferFull", Time since last: 703327402 ns, Reaching safepoint: 363400 ns, At safepoint: 60400 ns, Total: 423800 ns
[2024-03-30T00:14:51.301+0000][7][gc,start    ] GC(20) Pause Young (Normal) (G1 Evacuation Pause)
[2024-03-30T00:14:51.302+0000][7][gc,task     ] GC(20) Using 6 workers of 8 for evacuation
[2024-03-30T00:14:51.302+0000][7][gc,age      ] GC(20) Desired survivor size 8388608 bytes, new threshold 15 (max threshold 15)
[2024-03-30T00:14:51.317+0000][7][gc,age      ] GC(20) Age table with threshold 15 (max threshold 15)
[2024-03-30T00:14:51.318+0000][7][gc,age      ] GC(20) - age   1:    5275048 bytes,    5275048 total
[2024-03-30T00:14:51.318+0000][7][gc,age      ] GC(20) - age   2:    1273856 bytes,    6548904 total
[2024-03-30T00:14:51.319+0000][7][gc,phases   ] GC(20)   Pre Evacuate Collection Set: 0.1ms
[2024-03-30T00:14:51.319+0000][7][gc,phases   ] GC(20)   Merge Heap Roots: 0.1ms
[2024-03-30T00:14:51.319+0000][7][gc,phases   ] GC(20)   Evacuate Collection Set: 13.0ms
[2024-03-30T00:14:51.320+0000][7][gc,phases   ] GC(20)   Post Evacuate Collection Set: 1.6ms
[2024-03-30T00:14:51.320+0000][7][gc,phases   ] GC(20)   Other: 2.4ms
[2024-03-30T00:14:51.320+0000][7][gc,heap     ] GC(20) Eden regions: 30->0(30)
[2024-03-30T00:14:51.321+0000][7][gc,heap     ] GC(20) Survivor regions: 1->2(4)
[2024-03-30T00:14:51.321+0000][7][gc,heap     ] GC(20) Old regions: 14->14
[2024-03-30T00:14:51.321+0000][7][gc,heap     ] GC(20) Archive regions: 2->2
[2024-03-30T00:14:51.322+0000][7][gc,heap     ] GC(20) Humongous regions: 0->0
[2024-03-30T00:14:51.322+0000][7][gc,metaspace] GC(20) Metaspace: 51721K(55168K)->51721K(55168K) NonClass: 44802K(47360K)->44802K(47360K) Class: 6918K(7808K)->6918K(7808K)
[2024-03-30T00:14:51.322+0000][7][gc          ] GC(20) Pause Young (Normal) (G1 Evacuation Pause) 182M->66M(256M) 20.896ms
[2024-03-30T00:14:51.323+0000][7][gc,cpu      ] GC(20) User=0.08s Sys=0.00s Real=0.02s
[2024-03-30T00:14:51.323+0000][7][safepoint   ] Safepoint "G1CollectForAllocation", Time since last: 4402100 ns, Reaching safepoint: 184100 ns, At safepoint: 21755300 ns, Total: 21939400 ns
[2024-03-30T00:14:52.138+0000][7][safepoint   ] Safepoint "ICBufferFull", Time since last: 813750402 ns, Reaching safepoint: 991800 ns, At safepoint: 12600 ns, Total: 1004400 ns
[2024-03-30T00:14:53.163+0000][7][safepoint   ] Safepoint "Cleanup", Time since last: 1020970299 ns, Reaching safepoint: 3620400 ns, At safepoint: 45700 ns, Total: 3666100 ns
[2024-03-30T00:14:54.166+0000][7][safepoint   ] Safepoint "Cleanup", Time since last: 1002973600 ns, Reaching safepoint: 685800 ns, At safepoint: 54300 ns, Total: 740100 ns
[2024-03-30T00:14:54.363+0000][7][gc,start    ] GC(21) Pause Young (Concurrent Start) (Metadata GC Threshold)
[2024-03-30T00:14:54.364+0000][7][gc,task     ] GC(21) Using 6 workers of 8 for evacuation
[2024-03-30T00:14:54.364+0000][7][gc,age      ] GC(21) Desired survivor size 8388608 bytes, new threshold 15 (max threshold 15)
[2024-03-30T00:14:54.378+0000][7][gc,age      ] GC(21) Age table with threshold 15 (max threshold 15)
[2024-03-30T00:14:54.378+0000][7][gc,age      ] GC(21) - age   1:    4314320 bytes,    4314320 total
[2024-03-30T00:14:54.379+0000][7][gc,age      ] GC(21) - age   2:    5092576 bytes,    9406896 total
[2024-03-30T00:14:54.379+0000][7][gc,age      ] GC(21) - age   3:    1272264 bytes,   10679160 total
[2024-03-30T00:14:54.379+0000][7][gc,phases   ] GC(21)   Pre Evacuate Collection Set: 0.4ms
[2024-03-30T00:14:54.380+0000][7][gc,phases   ] GC(21)   Merge Heap Roots: 0.2ms
[2024-03-30T00:14:54.380+0000][7][gc,phases   ] GC(21)   Evacuate Collection Set: 10.7ms
[2024-03-30T00:14:54.380+0000][7][gc,phases   ] GC(21)   Post Evacuate Collection Set: 2.5ms
[2024-03-30T00:14:54.381+0000][7][gc,phases   ] GC(21)   Other: 2.5ms
[2024-03-30T00:14:54.381+0000][7][gc,heap     ] GC(21) Eden regions: 27->0(29)
[2024-03-30T00:14:54.382+0000][7][gc,heap     ] GC(21) Survivor regions: 2->3(4)
[2024-03-30T00:14:54.382+0000][7][gc,heap     ] GC(21) Old regions: 14->14
[2024-03-30T00:14:54.382+0000][7][gc,heap     ] GC(21) Archive regions: 2->2
[2024-03-30T00:14:54.382+0000][7][gc,heap     ] GC(21) Humongous regions: 0->0
[2024-03-30T00:14:54.383+0000][7][gc,metaspace] GC(21) Metaspace: 60685K(64128K)->60685K(64128K) NonClass: 52561K(55040K)->52561K(55040K) Class: 8124K(9088K)->8124K(9088K)
[2024-03-30T00:14:54.383+0000][7][gc          ] GC(21) Pause Young (Concurrent Start) (Metadata GC Threshold) 174M->70M(256M) 20.002ms
[2024-03-30T00:14:54.384+0000][7][gc,cpu      ] GC(21) User=0.07s Sys=0.01s Real=0.02s
[2024-03-30T00:14:54.384+0000][7][gc          ] GC(22) Concurrent Cycle
[2024-03-30T00:14:54.384+0000][7][gc,marking  ] GC(22) Concurrent Clear Claimed Marks
[2024-03-30T00:14:54.384+0000][7][safepoint   ] Safepoint "CollectForMetadataAllocation", Time since last: 196553800 ns, Reaching safepoint: 329000 ns, At safepoint: 21097900 ns, Total: 21426900 ns
[2024-03-30T00:14:54.385+0000][7][gc,marking  ] GC(22) Concurrent Clear Claimed Marks 0.408ms
[2024-03-30T00:14:54.386+0000][7][gc,marking  ] GC(22) Concurrent Scan Root Regions
[2024-03-30T00:14:54.402+0000][7][gc,marking  ] GC(22) Concurrent Scan Root Regions 15.950ms
[2024-03-30T00:14:54.402+0000][7][gc,marking  ] GC(22) Concurrent Mark (36.861s)
[2024-03-30T00:14:54.403+0000][7][gc,marking  ] GC(22) Concurrent Mark From Roots
[2024-03-30T00:14:54.403+0000][7][gc,task     ] GC(22) Using 2 workers of 2 for marking
[2024-03-30T00:14:54.448+0000][7][safepoint   ] Safepoint "CollectForMetadataAllocation", Time since last: 62428100 ns, Reaching safepoint: 905200 ns, At safepoint: 323200 ns, Total: 1228400 ns
[2024-03-30T00:14:54.527+0000][7][gc,marking  ] GC(22) Concurrent Mark From Roots 123.832ms
[2024-03-30T00:14:54.527+0000][7][gc,marking  ] GC(22) Concurrent Preclean
[2024-03-30T00:14:54.528+0000][7][gc,marking  ] GC(22) Concurrent Preclean 0.601ms
[2024-03-30T00:14:54.528+0000][7][gc,marking  ] GC(22) Concurrent Mark (36.861s, 36.987s) 125.891ms
[2024-03-30T00:14:54.529+0000][7][gc,start    ] GC(22) Pause Remark
[2024-03-30T00:14:54.533+0000][7][gc          ] GC(22) Pause Remark 78M->78M(256M) 3.881ms
[2024-03-30T00:14:54.533+0000][7][gc,cpu      ] GC(22) User=0.02s Sys=0.00s Real=0.00s
[2024-03-30T00:14:54.533+0000][7][safepoint   ] Safepoint "G1Concurrent", Time since last: 80457600 ns, Reaching safepoint: 436100 ns, At safepoint: 4679500 ns, Total: 5115600 ns
[2024-03-30T00:14:54.534+0000][7][gc,marking  ] GC(22) Concurrent Rebuild Remembered Sets
[2024-03-30T00:14:54.602+0000][7][gc,marking  ] GC(22) Concurrent Rebuild Remembered Sets 68.310ms
[2024-03-30T00:14:54.603+0000][7][gc,start    ] GC(22) Pause Cleanup
[2024-03-30T00:14:54.604+0000][7][gc          ] GC(22) Pause Cleanup 80M->80M(256M) 0.509ms
[2024-03-30T00:14:54.604+0000][7][gc,cpu      ] GC(22) User=0.00s Sys=0.00s Real=0.00s
[2024-03-30T00:14:54.604+0000][7][safepoint   ] Safepoint "G1Concurrent", Time since last: 69158700 ns, Reaching safepoint: 833000 ns, At safepoint: 1019000 ns, Total: 1852000 ns
[2024-03-30T00:14:54.605+0000][7][gc,marking  ] GC(22) Concurrent Cleanup for Next Mark
[2024-03-30T00:14:54.605+0000][7][gc,marking  ] GC(22) Concurrent Cleanup for Next Mark 0.587ms
[2024-03-30T00:14:54.606+0000][7][gc          ] GC(22) Concurrent Cycle 221.777ms
[2024-03-30T00:14:55.714+0000][7][safepoint   ] Safepoint "Cleanup", Time since last: 1108335599 ns, Reaching safepoint: 1067600 ns, At safepoint: 50600 ns, Total: 1118200 ns
[2024-03-30T00:14:56.715+0000][7][safepoint   ] Safepoint "Cleanup", Time since last: 1000218700 ns, Reaching safepoint: 403300 ns, At safepoint: 28800 ns, Total: 432100 ns
[2024-03-30T00:14:56.947+0000][7][gc,start    ] GC(23) Pause Young (Concurrent Start) (G1 Evacuation Pause)
[2024-03-30T00:14:56.947+0000][7][gc,task     ] GC(23) Using 6 workers of 8 for evacuation
[2024-03-30T00:14:56.948+0000][7][gc,age      ] GC(23) Desired survivor size 8388608 bytes, new threshold 2 (max threshold 15)
[2024-03-30T00:14:56.961+0000][7][gc,age      ] GC(23) Age table with threshold 2 (max threshold 15)
[2024-03-30T00:14:56.961+0000][7][gc,age      ] GC(23) - age   1:    6413440 bytes,    6413440 total
[2024-03-30T00:14:56.961+0000][7][gc,age      ] GC(23) - age   2:    4161992 bytes,   10575432 total
[2024-03-30T00:14:56.961+0000][7][gc,phases   ] GC(23)   Pre Evacuate Collection Set: 0.3ms
[2024-03-30T00:14:56.962+0000][7][gc,phases   ] GC(23)   Merge Heap Roots: 0.1ms
[2024-03-30T00:14:56.962+0000][7][gc,phases   ] GC(23)   Evacuate Collection Set: 10.7ms
[2024-03-30T00:14:56.962+0000][7][gc,phases   ] GC(23)   Post Evacuate Collection Set: 1.7ms
[2024-03-30T00:14:56.962+0000][7][gc,phases   ] GC(23)   Other: 1.8ms
[2024-03-30T00:14:56.963+0000][7][gc,heap     ] GC(23) Eden regions: 29->0(28)
[2024-03-30T00:14:56.963+0000][7][gc,heap     ] GC(23) Survivor regions: 3->3(4)
[2024-03-30T00:14:56.963+0000][7][gc,heap     ] GC(23) Old regions: 14->16
[2024-03-30T00:14:56.964+0000][7][gc,heap     ] GC(23) Archive regions: 2->2
[2024-03-30T00:14:56.964+0000][7][gc,heap     ] GC(23) Humongous regions: 0->0
[2024-03-30T00:14:56.964+0000][7][gc,metaspace] GC(23) Metaspace: 79792K(84080K)->79792K(84080K) NonClass: 69092K(72356K)->69092K(72356K) Class: 10699K(11724K)->10699K(11724K)
[2024-03-30T00:14:56.965+0000][7][gc          ] GC(23) Pause Young (Concurrent Start) (G1 Evacuation Pause) 186M->76M(256M) 17.775ms
[2024-03-30T00:14:56.965+0000][7][gc,cpu      ] GC(23) User=0.07s Sys=0.00s Real=0.01s
[2024-03-30T00:14:56.965+0000][7][gc          ] GC(24) Concurrent Cycle
[2024-03-30T00:14:56.965+0000][7][gc,marking  ] GC(24) Concurrent Clear Claimed Marks
[2024-03-30T00:14:56.966+0000][7][gc,marking  ] GC(24) Concurrent Clear Claimed Marks 0.336ms
[2024-03-30T00:14:56.966+0000][7][gc,marking  ] GC(24) Concurrent Scan Root Regions
[2024-03-30T00:14:56.965+0000][7][safepoint   ] Safepoint "G1CollectForAllocation", Time since last: 231866700 ns, Reaching safepoint: 365100 ns, At safepoint: 18482000 ns, Total: 18847100 ns
[2024-03-30T00:14:56.975+0000][7][gc,marking  ] GC(24) Concurrent Scan Root Regions 9.408ms
[2024-03-30T00:14:56.976+0000][7][gc,marking  ] GC(24) Concurrent Mark (39.435s)
[2024-03-30T00:14:56.976+0000][7][gc,marking  ] GC(24) Concurrent Mark From Roots
[2024-03-30T00:14:56.976+0000][7][gc,task     ] GC(24) Using 2 workers of 2 for marking
[2024-03-30T00:14:57.039+0000][7][gc,marking  ] GC(24) Concurrent Mark From Roots 62.554ms
[2024-03-30T00:14:57.039+0000][7][gc,marking  ] GC(24) Concurrent Preclean
[2024-03-30T00:14:57.039+0000][7][gc,marking  ] GC(24) Concurrent Preclean 0.579ms
[2024-03-30T00:14:57.040+0000][7][gc,marking  ] GC(24) Concurrent Mark (39.435s, 39.498s) 63.873ms
[2024-03-30T00:14:57.040+0000][7][gc,start    ] GC(24) Pause Remark
[2024-03-30T00:14:57.043+0000][7][gc          ] GC(24) Pause Remark 82M->82M(256M) 2.892ms
[2024-03-30T00:14:57.043+0000][7][gc,cpu      ] GC(24) User=0.01s Sys=0.00s Real=0.00s
[2024-03-30T00:14:57.044+0000][7][safepoint   ] Safepoint "G1Concurrent", Time since last: 74632500 ns, Reaching safepoint: 198200 ns, At safepoint: 3605500 ns, Total: 3803700 ns
[2024-03-30T00:14:57.044+0000][7][gc,marking  ] GC(24) Concurrent Rebuild Remembered Sets
[2024-03-30T00:14:57.086+0000][7][gc,marking  ] GC(24) Concurrent Rebuild Remembered Sets 41.750ms
[2024-03-30T00:14:57.087+0000][7][gc,start    ] GC(24) Pause Cleanup
[2024-03-30T00:14:57.087+0000][7][gc          ] GC(24) Pause Cleanup 82M->82M(256M) 0.531ms
[2024-03-30T00:14:57.088+0000][7][gc,cpu      ] GC(24) User=0.00s Sys=0.00s Real=0.00s
[2024-03-30T00:14:57.088+0000][7][safepoint   ] Safepoint "G1Concurrent", Time since last: 42644800 ns, Reaching safepoint: 393000 ns, At safepoint: 1315800 ns, Total: 1708800 ns
[2024-03-30T00:14:57.089+0000][7][gc,marking  ] GC(24) Concurrent Cleanup for Next Mark
[2024-03-30T00:14:57.089+0000][7][gc,marking  ] GC(24) Concurrent Cleanup for Next Mark 0.558ms
[2024-03-30T00:14:57.089+0000][7][gc          ] GC(24) Concurrent Cycle 124.301ms
[2024-03-30T00:14:58.027+0000][7][gc,start    ] GC(25) Pause Young (Concurrent Start) (G1 Humongous Allocation)
[2024-03-30T00:14:58.028+0000][7][gc,task     ] GC(25) Using 6 workers of 8 for evacuation
[2024-03-30T00:14:58.028+0000][7][gc,age      ] GC(25) Desired survivor size 8388608 bytes, new threshold 2 (max threshold 15)
[2024-03-30T00:14:58.040+0000][7][gc,age      ] GC(25) Age table with threshold 2 (max threshold 15)
[2024-03-30T00:14:58.041+0000][7][gc,age      ] GC(25) - age   1:    2568936 bytes,    2568936 total
[2024-03-30T00:14:58.041+0000][7][gc,age      ] GC(25) - age   2:    6126496 bytes,    8695432 total
[2024-03-30T00:14:58.041+0000][7][gc,phases   ] GC(25)   Pre Evacuate Collection Set: 0.3ms
[2024-03-30T00:14:58.041+0000][7][gc,phases   ] GC(25)   Merge Heap Roots: 0.2ms
[2024-03-30T00:14:58.042+0000][7][gc,phases   ] GC(25)   Evacuate Collection Set: 10.0ms
[2024-03-30T00:14:58.042+0000][7][gc,phases   ] GC(25)   Post Evacuate Collection Set: 1.4ms
[2024-03-30T00:14:58.042+0000][7][gc,phases   ] GC(25)   Other: 1.8ms
[2024-03-30T00:14:58.042+0000][7][gc,heap     ] GC(25) Eden regions: 10->0(26)
[2024-03-30T00:14:58.043+0000][7][gc,heap     ] GC(25) Survivor regions: 3->3(4)
[2024-03-30T00:14:58.043+0000][7][gc,heap     ] GC(25) Old regions: 16->17
[2024-03-30T00:14:58.043+0000][7][gc,heap     ] GC(25) Archive regions: 2->2
[2024-03-30T00:14:58.043+0000][7][gc,heap     ] GC(25) Humongous regions: 1->1
[2024-03-30T00:14:58.044+0000][7][gc,metaspace] GC(25) Metaspace: 84720K(88944K)->84720K(88944K) NonClass: 73274K(76452K)->73274K(76452K) Class: 11445K(12492K)->11445K(12492K)
[2024-03-30T00:14:58.044+0000][7][gc          ] GC(25) Pause Young (Concurrent Start) (G1 Humongous Allocation) 118M->83M(256M) 16.587ms
[2024-03-30T00:14:58.044+0000][7][gc,cpu      ] GC(25) User=0.07s Sys=0.00s Real=0.01s
[2024-03-30T00:14:58.045+0000][7][gc          ] GC(26) Concurrent Cycle
[2024-03-30T00:14:58.045+0000][7][safepoint   ] Safepoint "G1TryInitiateConcMark", Time since last: 938962099 ns, Reaching safepoint: 360700 ns, At safepoint: 17259400 ns, Total: 17620100 ns
[2024-03-30T00:14:58.045+0000][7][gc,marking  ] GC(26) Concurrent Clear Claimed Marks
[2024-03-30T00:14:58.046+0000][7][gc,marking  ] GC(26) Concurrent Clear Claimed Marks 0.684ms
[2024-03-30T00:14:58.046+0000][7][gc,marking  ] GC(26) Concurrent Scan Root Regions
[2024-03-30T00:14:58.054+0000][7][gc,marking  ] GC(26) Concurrent Scan Root Regions 8.041ms
[2024-03-30T00:14:58.054+0000][7][gc,marking  ] GC(26) Concurrent Mark (40.513s)
[2024-03-30T00:14:58.054+0000][7][gc,marking  ] GC(26) Concurrent Mark From Roots
[2024-03-30T00:14:58.055+0000][7][gc,task     ] GC(26) Using 2 workers of 2 for marking
[2024-03-30T00:14:58.147+0000][7][gc,marking  ] GC(26) Concurrent Mark From Roots 92.574ms
[2024-03-30T00:14:58.147+0000][7][gc,marking  ] GC(26) Concurrent Preclean
[2024-03-30T00:14:58.148+0000][7][gc,marking  ] GC(26) Concurrent Preclean 0.486ms
[2024-03-30T00:14:58.148+0000][7][gc,marking  ] GC(26) Concurrent Mark (40.513s, 40.607s) 93.951ms
[2024-03-30T00:14:58.149+0000][7][gc,start    ] GC(26) Pause Remark
[2024-03-30T00:14:58.152+0000][7][gc          ] GC(26) Pause Remark 95M->95M(256M) 3.603ms
[2024-03-30T00:14:58.153+0000][7][gc,cpu      ] GC(26) User=0.02s Sys=0.00s Real=0.00s
[2024-03-30T00:14:58.153+0000][7][safepoint   ] Safepoint "G1Concurrent", Time since last: 103791900 ns, Reaching safepoint: 326000 ns, At safepoint: 4184400 ns, Total: 4510400 ns
[2024-03-30T00:14:58.153+0000][7][gc,marking  ] GC(26) Concurrent Rebuild Remembered Sets
[2024-03-30T00:14:58.224+0000][7][gc,marking  ] GC(26) Concurrent Rebuild Remembered Sets 70.863ms
[2024-03-30T00:14:58.225+0000][7][gc,start    ] GC(26) Pause Cleanup
[2024-03-30T00:14:58.225+0000][7][gc          ] GC(26) Pause Cleanup 100M->100M(256M) 0.463ms
[2024-03-30T00:14:58.226+0000][7][gc,cpu      ] GC(26) User=0.00s Sys=0.00s Real=0.01s
[2024-03-30T00:14:58.226+0000][7][safepoint   ] Safepoint "G1Concurrent", Time since last: 71617800 ns, Reaching safepoint: 306700 ns, At safepoint: 934400 ns, Total: 1241100 ns
[2024-03-30T00:14:58.226+0000][7][gc,marking  ] GC(26) Concurrent Cleanup for Next Mark
[2024-03-30T00:14:58.227+0000][7][gc,marking  ] GC(26) Concurrent Cleanup for Next Mark 0.568ms
[2024-03-30T00:14:58.227+0000][7][gc          ] GC(26) Concurrent Cycle 182.465ms
[2024-03-30T00:14:59.227+0000][7][safepoint   ] Safepoint "Cleanup", Time since last: 1001311099 ns, Reaching safepoint: 339700 ns, At safepoint: 83900 ns, Total: 423600 ns
[2024-03-30T00:15:00.228+0000][7][safepoint   ] Safepoint "Cleanup", Time since last: 1000578095 ns, Reaching safepoint: 279100 ns, At safepoint: 42200 ns, Total: 321300 ns
[2024-03-30T00:15:01.251+0000][7][safepoint   ] Safepoint "Cleanup", Time since last: 1022655591 ns, Reaching safepoint: 219900 ns, At safepoint: 33700 ns, Total: 253600 ns
[2024-03-30T00:15:02.279+0000][7][safepoint   ] Safepoint "Cleanup", Time since last: 1027724391 ns, Reaching safepoint: 262000 ns, At safepoint: 6400 ns, Total: 268400 ns
[2024-03-30T00:15:03.280+0000][7][safepoint   ] Safepoint "Cleanup", Time since last: 1000895490 ns, Reaching safepoint: 231400 ns, At safepoint: 31500 ns, Total: 262900 ns
[2024-03-30T00:15:05.281+0000][7][safepoint   ] Safepoint "Cleanup", Time since last: 2000826982 ns, Reaching safepoint: 205400 ns, At safepoint: 40500 ns, Total: 245900 ns
[2024-03-30T00:15:07.282+0000][7][safepoint   ] Safepoint "Cleanup", Time since last: 2000888781 ns, Reaching safepoint: 200900 ns, At safepoint: 2100 ns, Total: 203000 ns
[2024-03-30T00:15:10.284+0000][7][safepoint   ] Safepoint "Cleanup", Time since last: 3001030656 ns, Reaching safepoint: 336100 ns, At safepoint: 44200 ns, Total: 380300 ns
[2024-03-30T00:15:11.285+0000][7][safepoint   ] Safepoint "Cleanup", Time since last: 1000618985 ns, Reaching safepoint: 284100 ns, At safepoint: 22500 ns, Total: 306600 ns
[2024-03-30T00:15:12.286+0000][7][safepoint   ] Safepoint "Cleanup", Time since last: 1000446184 ns, Reaching safepoint: 305600 ns, At safepoint: 23800 ns, Total: 329400 ns
[2024-03-30T00:15:19.287+0000][7][safepoint   ] Safepoint "Cleanup", Time since last: 7001249549 ns, Reaching safepoint: 282200 ns, At safepoint: 19000 ns, Total: 301200 ns
[2024-03-30T00:15:21.288+0000][7][safepoint   ] Safepoint "Cleanup", Time since last: 2000635545 ns, Reaching safepoint: 299300 ns, At safepoint: 61700 ns, Total: 361000 ns
[2024-03-30T00:15:22.289+0000][7][safepoint   ] Safepoint "Cleanup", Time since last: 1000585173 ns, Reaching safepoint: 202300 ns, At safepoint: 8600 ns, Total: 210900 ns
[2024-03-30T00:15:28.290+0000][7][safepoint   ] Safepoint "Cleanup", Time since last: 6001456174 ns, Reaching safepoint: 192200 ns, At safepoint: 17800 ns, Total: 210000 ns
[2024-03-30T00:15:38.292+0000][7][safepoint   ] Safepoint "Cleanup", Time since last: 10001612820 ns, Reaching safepoint: 303299 ns, At safepoint: 24900 ns, Total: 328199 ns
[2024-03-30T00:15:39.293+0000][7][safepoint   ] Safepoint "Cleanup", Time since last: 1000460100 ns, Reaching safepoint: 244900 ns, At safepoint: 23100 ns, Total: 268000 ns
[2024-03-30T00:15:41.293+0000][7][safepoint   ] Safepoint "Cleanup", Time since last: 2000527251 ns, Reaching safepoint: 231100 ns, At safepoint: 27400 ns, Total: 258500 ns
[2024-03-30T00:15:45.295+0000][7][safepoint   ] Safepoint "Cleanup", Time since last: 4000842434 ns, Reaching safepoint: 314500 ns, At safepoint: 37900 ns, Total: 352400 ns
[2024-03-30T00:15:49.296+0000][7][safepoint   ] Safepoint "Cleanup", Time since last: 4000926863 ns, Reaching safepoint: 283500 ns, At safepoint: 26600 ns, Total: 310100 ns
[2024-03-30T00:15:52.297+0000][7][safepoint   ] Safepoint "Cleanup", Time since last: 3000766861 ns, Reaching safepoint: 235900 ns, At safepoint: 36200 ns, Total: 272100 ns
[2024-03-30T00:15:58.299+0000][7][safepoint   ] Safepoint "Cleanup", Time since last: 6001032854 ns, Reaching safepoint: 372400 ns, At safepoint: 50900 ns, Total: 423300 ns
[2024-03-30T00:16:07.302+0000][7][safepoint   ] Safepoint "Cleanup", Time since last: 9002856411 ns, Reaching safepoint: 234400 ns, At safepoint: 32000 ns, Total: 266400 ns
[2024-03-30T00:16:16.304+0000][7][safepoint   ] Safepoint "Cleanup", Time since last: 9001486662 ns, Reaching safepoint: 202300 ns, At safepoint: 26100 ns, Total: 228400 ns
[2024-03-30T00:16:17.305+0000][7][safepoint   ] Safepoint "Cleanup", Time since last: 1000461355 ns, Reaching safepoint: 275300 ns, At safepoint: 25400 ns, Total: 300700 ns
[2024-03-30T00:16:19.305+0000][7][safepoint   ] Safepoint "Cleanup", Time since last: 2000612112 ns, Reaching safepoint: 126500 ns, At safepoint: 7200 ns, Total: 133700 ns
[2024-03-30T00:16:20.306+0000][7][safepoint   ] Safepoint "Cleanup", Time since last: 1000548326 ns, Reaching safepoint: 382501 ns, At safepoint: 21194 ns, Total: 403695 ns
[2024-03-30T00:16:21.307+0000][7][safepoint   ] Safepoint "Cleanup", Time since last: 1000714691 ns, Reaching safepoint: 301521 ns, At safepoint: 32392 ns, Total: 333913 ns
[2024-03-30T00:16:22.308+0000][7][safepoint   ] Safepoint "Cleanup", Time since last: 1000613118 ns, Reaching safepoint: 297400 ns, At safepoint: 32100 ns, Total: 329500 ns
[2024-03-30T00:16:28.310+0000][7][safepoint   ] Safepoint "Cleanup", Time since last: 6001107166 ns, Reaching safepoint: 264899 ns, At safepoint: 22500 ns, Total: 287399 ns
[2024-03-30T00:16:32.312+0000][7][safepoint   ] Safepoint "Cleanup", Time since last: 4001112051 ns, Reaching safepoint: 643997 ns, At safepoint: 15700 ns, Total: 659697 ns
[2024-03-30T00:16:39.314+0000][7][safepoint   ] Safepoint "Cleanup", Time since last: 7002300855 ns, Reaching safepoint: 393499 ns, At safepoint: 49900 ns, Total: 443399 ns
[2024-03-30T00:16:41.315+0000][7][safepoint   ] Safepoint "Cleanup", Time since last: 2000571762 ns, Reaching safepoint: 273199 ns, At safepoint: 36900 ns, Total: 310099 ns
[2024-03-30T00:16:42.316+0000][7][safepoint   ] Safepoint "Cleanup", Time since last: 1000690280 ns, Reaching safepoint: 324300 ns, At safepoint: 38000 ns, Total: 362300 ns
[2024-03-30T00:16:53.319+0000][7][safepoint   ] Safepoint "Cleanup", Time since last: 11002617098 ns, Reaching safepoint: 225900 ns, At safepoint: 35500 ns, Total: 261400 ns
[2024-03-30T00:17:02.321+0000][7][safepoint   ] Safepoint "Cleanup", Time since last: 9002181887 ns, Reaching safepoint: 266901 ns, At safepoint: 31500 ns, Total: 298401 ns
[2024-03-30T00:17:03.322+0000][7][safepoint   ] Safepoint "Cleanup", Time since last: 1000537477 ns, Reaching safepoint: 551401 ns, At safepoint: 53800 ns, Total: 605201 ns
[2024-03-30T00:17:04.324+0000][7][safepoint   ] Safepoint "Cleanup", Time since last: 1000802778 ns, Reaching safepoint: 297300 ns, At safepoint: 26600 ns, Total: 323900 ns
[2024-03-30T00:17:18.329+0000][7][safepoint   ] Safepoint "Cleanup", Time since last: 14004790788 ns, Reaching safepoint: 269202 ns, At safepoint: 31501 ns, Total: 300703 ns
[2024-03-30T00:17:34.333+0000][7][safepoint   ] Safepoint "Cleanup", Time since last: 16003850675 ns, Reaching safepoint: 237001 ns, At safepoint: 24900 ns, Total: 261901 ns
[2024-03-30T00:17:47.337+0000][7][safepoint   ] Safepoint "Cleanup", Time since last: 13003478720 ns, Reaching safepoint: 1033206 ns, At safepoint: 103000 ns, Total: 1136206 ns
[2024-03-30T00:17:50.340+0000][7][safepoint   ] Safepoint "Cleanup", Time since last: 3001916298 ns, Reaching safepoint: 839402 ns, At safepoint: 107700 ns, Total: 947102 ns
[2024-03-30T00:17:57.345+0000][7][safepoint   ] Safepoint "Cleanup", Time since last: 7004234492 ns, Reaching safepoint: 415299 ns, At safepoint: 29799 ns, Total: 445098 ns
[2024-03-30T00:17:58.346+0000][7][safepoint   ] Safepoint "Cleanup", Time since last: 1000737755 ns, Reaching safepoint: 308599 ns, At safepoint: 26000 ns, Total: 334599 ns
[2024-03-30T00:18:08.348+0000][7][safepoint   ] Safepoint "Cleanup", Time since last: 10001965424 ns, Reaching safepoint: 376599 ns, At safepoint: 45100 ns, Total: 421699 ns
[2024-03-30T00:18:56.360+0000][7][safepoint   ] Safepoint "Cleanup", Time since last: 48011416436 ns, Reaching safepoint: 500501 ns, At safepoint: 37800 ns, Total: 538301 ns
[2024-03-30T00:19:21.366+0000][7][safepoint   ] Safepoint "Cleanup", Time since last: 25005119743 ns, Reaching safepoint: 707599 ns, At safepoint: 68700 ns, Total: 776299 ns
[2024-03-30T00:20:02.377+0000][7][safepoint   ] Safepoint "Cleanup", Time since last: 41010034528 ns, Reaching safepoint: 845605 ns, At safepoint: 39600 ns, Total: 885205 ns
[2024-03-30T00:20:07.381+0000][7][safepoint   ] Safepoint "Cleanup", Time since last: 5003409112 ns, Reaching safepoint: 272301 ns, At safepoint: 6500 ns, Total: 278801 ns
[2024-03-30T00:20:58.394+0000][7][safepoint   ] Safepoint "Cleanup", Time since last: 51012777292 ns, Reaching safepoint: 224400 ns, At safepoint: 5200 ns, Total: 229600 ns
[2024-03-30T00:21:21.398+0000][7][safepoint   ] Safepoint "Cleanup", Time since last: 23004244706 ns, Reaching safepoint: 373099 ns, At safepoint: 27800 ns, Total: 400899 ns
[2024-03-30T00:21:35.403+0000][7][safepoint   ] Safepoint "Cleanup", Time since last: 14004193196 ns, Reaching safepoint: 346901 ns, At safepoint: 23600 ns, Total: 370501 ns
[2024-03-30T00:21:53.409+0000][7][safepoint   ] Safepoint "Cleanup", Time since last: 18005426232 ns, Reaching safepoint: 384800 ns, At safepoint: 31100 ns, Total: 415900 ns
[2024-03-30T00:21:54.411+0000][7][safepoint   ] Safepoint "Cleanup", Time since last: 1000770802 ns, Reaching safepoint: 1019000 ns, At safepoint: 119000 ns, Total: 1138000 ns
[2024-03-30T00:22:58.430+0000][7][safepoint   ] Safepoint "Cleanup", Time since last: 64019322959 ns, Reaching safepoint: 305300 ns, At safepoint: 39500 ns, Total: 344800 ns
[2024-03-30T00:23:48.958+0000][7][safepoint   ] Safepoint "Cleanup", Time since last: 50527903059 ns, Reaching safepoint: 218805 ns, At safepoint: 21801 ns, Total: 240606 ns
[2024-03-30T00:23:49.959+0000][7][safepoint   ] Safepoint "Cleanup", Time since last: 1000752316 ns, Reaching safepoint: 444711 ns, At safepoint: 44701 ns, Total: 489412 ns
[2024-03-30T00:23:51.212+0000][7][safepoint   ] Safepoint "ICBufferFull", Time since last: 1251860844 ns, Reaching safepoint: 283707 ns, At safepoint: 65202 ns, Total: 348909 ns
[2024-03-30T00:23:52.212+0000][7][safepoint   ] Safepoint "Cleanup", Time since last: 1000363005 ns, Reaching safepoint: 266607 ns, At safepoint: 28401 ns, Total: 295008 ns
[2024-03-30T00:23:52.770+0000][7][gc,start    ] GC(27) Pause Young (Normal) (G1 Evacuation Pause)
[2024-03-30T00:23:52.771+0000][7][gc,task     ] GC(27) Using 6 workers of 8 for evacuation
[2024-03-30T00:23:52.771+0000][7][gc,age      ] GC(27) Desired survivor size 8388608 bytes, new threshold 2 (max threshold 15)
[2024-03-30T00:23:52.782+0000][7][gc,age      ] GC(27) Age table with threshold 2 (max threshold 15)
[2024-03-30T00:23:52.782+0000][7][gc,age      ] GC(27) - age   1:    2866576 bytes,    2866576 total
[2024-03-30T00:23:52.782+0000][7][gc,age      ] GC(27) - age   2:    2327392 bytes,    5193968 total
[2024-03-30T00:23:52.782+0000][7][gc,phases   ] GC(27)   Pre Evacuate Collection Set: 0.1ms
[2024-03-30T00:23:52.782+0000][7][gc,phases   ] GC(27)   Merge Heap Roots: 0.2ms
[2024-03-30T00:23:52.783+0000][7][gc,phases   ] GC(27)   Evacuate Collection Set: 8.9ms
[2024-03-30T00:23:52.783+0000][7][gc,phases   ] GC(27)   Post Evacuate Collection Set: 1.4ms
[2024-03-30T00:23:52.783+0000][7][gc,phases   ] GC(27)   Other: 1.3ms
[2024-03-30T00:23:52.783+0000][7][gc,heap     ] GC(27) Eden regions: 26->0(25)
[2024-03-30T00:23:52.783+0000][7][gc,heap     ] GC(27) Survivor regions: 3->2(4)
[2024-03-30T00:23:52.783+0000][7][gc,heap     ] GC(27) Old regions: 17->19
[2024-03-30T00:23:52.783+0000][7][gc,heap     ] GC(27) Archive regions: 2->2
[2024-03-30T00:23:52.784+0000][7][gc,heap     ] GC(27) Humongous regions: 2->2
[2024-03-30T00:23:52.784+0000][7][gc,metaspace] GC(27) Metaspace: 91890K(96368K)->91890K(96368K) NonClass: 79510K(82852K)->79510K(82852K) Class: 12380K(13516K)->12380K(13516K)
[2024-03-30T00:23:52.784+0000][7][gc          ] GC(27) Pause Young (Normal) (G1 Evacuation Pause) 191M->90M(256M) 13.470ms
[2024-03-30T00:23:52.784+0000][7][gc,cpu      ] GC(27) User=0.06s Sys=0.00s Real=0.01s
[2024-03-30T00:23:52.784+0000][7][safepoint   ] Safepoint "G1CollectForAllocation", Time since last: 557788600 ns, Reaching safepoint: 238906 ns, At safepoint: 14095167 ns, Total: 14334073 ns
[2024-03-30T00:23:53.785+0000][7][safepoint   ] Safepoint "Cleanup", Time since last: 1000366605 ns, Reaching safepoint: 270307 ns, At safepoint: 20801 ns, Total: 291108 ns
[2024-03-30T00:23:54.786+0000][7][safepoint   ] Safepoint "Cleanup", Time since last: 1000663034 ns, Reaching safepoint: 231100 ns, At safepoint: 6000 ns, Total: 237100 ns
[2024-03-30T00:23:57.788+0000][7][safepoint   ] Safepoint "Cleanup", Time since last: 3001106943 ns, Reaching safepoint: 908632 ns, At safepoint: 174706 ns, Total: 1083338 ns
[2024-03-30T00:23:58.789+0000][7][safepoint   ] Safepoint "Cleanup", Time since last: 1001120638 ns, Reaching safepoint: 266810 ns, At safepoint: 21900 ns, Total: 288710 ns
[2024-03-30T00:23:59.790+0000][7][safepoint   ] Safepoint "Cleanup", Time since last: 1000428215 ns, Reaching safepoint: 370013 ns, At safepoint: 33501 ns, Total: 403514 ns
[2024-03-30T00:24:07.792+0000][7][safepoint   ] Safepoint "Cleanup", Time since last: 8001475065 ns, Reaching safepoint: 664614 ns, At safepoint: 76401 ns, Total: 741015 ns
[2024-03-30T00:24:11.794+0000][7][safepoint   ] Safepoint "Cleanup", Time since last: 4001252105 ns, Reaching safepoint: 307202 ns, At safepoint: 24001 ns, Total: 331203 ns
[2024-03-30T00:24:12.795+0000][7][safepoint   ] Safepoint "Cleanup", Time since last: 1000454713 ns, Reaching safepoint: 437603 ns, At safepoint: 63101 ns, Total: 500704 ns
[2024-03-30T00:24:13.796+0000][7][safepoint   ] Safepoint "Cleanup", Time since last: 1000705900 ns, Reaching safepoint: 308603 ns, At safepoint: 29800 ns, Total: 338403 ns
[2024-03-30T00:24:14.797+0000][7][safepoint   ] Safepoint "Cleanup", Time since last: 1000596199 ns, Reaching safepoint: 159101 ns, At safepoint: 20201 ns, Total: 179302 ns
[2024-03-30T00:24:17.800+0000][7][safepoint   ] Safepoint "Cleanup", Time since last: 3002796005 ns, Reaching safepoint: 181502 ns, At safepoint: 26400 ns, Total: 207902 ns
[2024-03-30T00:24:21.802+0000][7][safepoint   ] Safepoint "Cleanup", Time since last: 4001460903 ns, Reaching safepoint: 345902 ns, At safepoint: 29400 ns, Total: 375302 ns
[2024-03-30T00:24:22.803+0000][7][safepoint   ] Safepoint "Cleanup", Time since last: 1000718883 ns, Reaching safepoint: 266801 ns, At safepoint: 23400 ns, Total: 290201 ns
[2024-03-30T00:24:23.803+0000][7][safepoint   ] Safepoint "Cleanup", Time since last: 1000483482 ns, Reaching safepoint: 357302 ns, At safepoint: 33800 ns, Total: 391102 ns
[2024-03-30T00:24:25.805+0000][7][safepoint   ] Safepoint "Cleanup", Time since last: 2000748462 ns, Reaching safepoint: 308301 ns, At safepoint: 22300 ns, Total: 330601 ns
[2024-03-30T00:24:28.806+0000][7][safepoint   ] Safepoint "Cleanup", Time since last: 3000906305 ns, Reaching safepoint: 235392 ns, At safepoint: 26599 ns, Total: 261991 ns
[2024-03-30T00:24:29.806+0000][7][safepoint   ] Safepoint "Cleanup", Time since last: 1000386447 ns, Reaching safepoint: 284291 ns, At safepoint: 47898 ns, Total: 332189 ns
[2024-03-30T00:24:41.810+0000][7][safepoint   ] Safepoint "Cleanup", Time since last: 12003150439 ns, Reaching safepoint: 648903 ns, At safepoint: 102501 ns, Total: 751404 ns
[2024-03-30T00:24:44.813+0000][7][safepoint   ] Safepoint "Cleanup", Time since last: 3002068161 ns, Reaching safepoint: 271001 ns, At safepoint: 25900 ns, Total: 296901 ns
[2024-03-30T00:24:49.814+0000][7][safepoint   ] Safepoint "Cleanup", Time since last: 5001085516 ns, Reaching safepoint: 274101 ns, At safepoint: 76100 ns, Total: 350201 ns
[2024-03-30T00:24:50.815+0000][7][safepoint   ] Safepoint "Cleanup", Time since last: 1000616265 ns, Reaching safepoint: 471801 ns, At safepoint: 55901 ns, Total: 527702 ns
[2024-03-30T00:24:54.817+0000][7][safepoint   ] Safepoint "Cleanup", Time since last: 4001175131 ns, Reaching safepoint: 300799 ns, At safepoint: 21299 ns, Total: 322098 ns
[2024-03-30T00:24:56.818+0000][7][safepoint   ] Safepoint "Cleanup", Time since last: 2000548542 ns, Reaching safepoint: 280298 ns, At safepoint: 21800 ns, Total: 302098 ns
[2024-03-30T00:24:58.819+0000][7][safepoint   ] Safepoint "Cleanup", Time since last: 2000548570 ns, Reaching safepoint: 271701 ns, At safepoint: 22400 ns, Total: 294101 ns
[2024-03-30T00:25:10.822+0000][7][safepoint   ] Safepoint "Cleanup", Time since last: 12003310239 ns, Reaching safepoint: 370799 ns, At safepoint: 25800 ns, Total: 396599 ns
[2024-03-30T00:25:28.826+0000][7][safepoint   ] Safepoint "Cleanup", Time since last: 18003586116 ns, Reaching safepoint: 405383 ns, At safepoint: 7600 ns, Total: 412983 ns
[2024-03-30T00:25:35.831+0000][7][safepoint   ] Safepoint "Cleanup", Time since last: 7001663656 ns, Reaching safepoint: 3113074 ns, At safepoint: 41299 ns, Total: 3154373 ns
[2024-03-30T00:25:36.833+0000][7][safepoint   ] Safepoint "Cleanup", Time since last: 1001266579 ns, Reaching safepoint: 303498 ns, At safepoint: 41199 ns, Total: 344697 ns
[2024-03-30T00:25:37.835+0000][7][safepoint   ] Safepoint "Cleanup", Time since last: 1000747384 ns, Reaching safepoint: 936092 ns, At safepoint: 101199 ns, Total: 1037291 ns
[2024-03-30T00:25:42.839+0000][7][safepoint   ] Safepoint "Cleanup", Time since last: 5003542910 ns, Reaching safepoint: 1086653 ns, At safepoint: 128707 ns, Total: 1215360 ns
[2024-03-30T00:25:51.844+0000][7][safepoint   ] Safepoint "Cleanup", Time since last: 9003365470 ns, Reaching safepoint: 886502 ns, At safepoint: 101700 ns, Total: 988202 ns
[2024-03-30T00:25:53.847+0000][7][safepoint   ] Safepoint "Cleanup", Time since last: 2001764916 ns, Reaching safepoint: 1203602 ns, At safepoint: 126400 ns, Total: 1330002 ns
[2024-03-30T00:25:57.849+0000][7][safepoint   ] Safepoint "Cleanup", Time since last: 4001902047 ns, Reaching safepoint: 287401 ns, At safepoint: 38800 ns, Total: 326201 ns
[2024-03-30T00:25:59.850+0000][7][safepoint   ] Safepoint "Cleanup", Time since last: 2000709912 ns, Reaching safepoint: 362401 ns, At safepoint: 31900 ns, Total: 394301 ns
[2024-03-30T00:26:09.853+0000][7][safepoint   ] Safepoint "Cleanup", Time since last: 10002466572 ns, Reaching safepoint: 361700 ns, At safepoint: 39500 ns, Total: 401200 ns
[2024-03-30T00:26:15.855+0000][7][safepoint   ] Safepoint "Cleanup", Time since last: 6001569061 ns, Reaching safepoint: 207999 ns, At safepoint: 24900 ns, Total: 232899 ns
[2024-03-30T00:26:21.858+0000][7][safepoint   ] Safepoint "Cleanup", Time since last: 6001865907 ns, Reaching safepoint: 976599 ns, At safepoint: 106500 ns, Total: 1083099 ns
[2024-03-30T00:26:27.861+0000][7][safepoint   ] Safepoint "Cleanup", Time since last: 6002284116 ns, Reaching safepoint: 375999 ns, At safepoint: 33700 ns, Total: 409699 ns
[2024-03-30T00:26:47.865+0000][7][safepoint   ] Safepoint "Cleanup", Time since last: 20004484447 ns, Reaching safepoint: 365000 ns, At safepoint: 24600 ns, Total: 389600 ns
[2024-03-30T00:26:57.868+0000][7][safepoint   ] Safepoint "Cleanup", Time since last: 10002162551 ns, Reaching safepoint: 430800 ns, At safepoint: 32100 ns, Total: 462900 ns
[2024-03-30T00:27:03.871+0000][7][safepoint   ] Safepoint "Cleanup", Time since last: 6001683343 ns, Reaching safepoint: 1036899 ns, At safepoint: 100800 ns, Total: 1137699 ns
[2024-03-30T00:27:11.875+0000][7][safepoint   ] Safepoint "Cleanup", Time since last: 8002991105 ns, Reaching safepoint: 477299 ns, At safepoint: 96300 ns, Total: 573599 ns
[2024-03-30T00:27:13.876+0000][7][safepoint   ] Safepoint "Cleanup", Time since last: 2001376642 ns, Reaching safepoint: 218899 ns, At safepoint: 26500 ns, Total: 245399 ns
[2024-03-30T00:27:15.877+0000][7][safepoint   ] Safepoint "Cleanup", Time since last: 2000521844 ns, Reaching safepoint: 291299 ns, At safepoint: 23700 ns, Total: 314999 ns
[2024-03-30T00:27:21.880+0000][7][safepoint   ] Safepoint "Cleanup", Time since last: 6001697908 ns, Reaching safepoint: 1112199 ns, At safepoint: 124099 ns, Total: 1236298 ns
[2024-03-30T00:27:27.883+0000][7][safepoint   ] Safepoint "Cleanup", Time since last: 6002798417 ns, Reaching safepoint: 372600 ns, At safepoint: 36500 ns, Total: 409100 ns
[2024-03-30T00:27:41.887+0000][7][safepoint   ] Safepoint "Cleanup", Time since last: 14002909589 ns, Reaching safepoint: 720599 ns, At safepoint: 68200 ns, Total: 788799 ns
[2024-03-30T00:27:42.888+0000][7][safepoint   ] Safepoint "Cleanup", Time since last: 1000974548 ns, Reaching safepoint: 537200 ns, At safepoint: 87999 ns, Total: 625199 ns
[2024-03-30T00:27:51.892+0000][7][safepoint   ] Safepoint "Cleanup", Time since last: 9002875479 ns, Reaching safepoint: 737301 ns, At safepoint: 65800 ns, Total: 803101 ns
[2024-03-30T00:28:27.902+0000][7][safepoint   ] Safepoint "Cleanup", Time since last: 36009488289 ns, Reaching safepoint: 642800 ns, At safepoint: 60700 ns, Total: 703500 ns
[2024-03-30T00:28:51.910+0000][7][safepoint   ] Safepoint "Cleanup", Time since last: 24006403676 ns, Reaching safepoint: 1165601 ns, At safepoint: 127100 ns, Total: 1292701 ns
[2024-03-30T00:28:57.912+0000][7][safepoint   ] Safepoint "Cleanup", Time since last: 6002124676 ns, Reaching safepoint: 232700 ns, At safepoint: 24000 ns, Total: 256700 ns
[2024-03-30T00:29:01.915+0000][7][safepoint   ] Safepoint "Cleanup", Time since last: 4001212654 ns, Reaching safepoint: 938000 ns, At safepoint: 108600 ns, Total: 1046600 ns
[2024-03-30T00:29:06.918+0000][7][safepoint   ] Safepoint "Cleanup", Time since last: 5002662717 ns, Reaching safepoint: 251400 ns, At safepoint: 24200 ns, Total: 275600 ns
[2024-03-30T00:29:17.920+0000][7][safepoint   ] Safepoint "Cleanup", Time since last: 11002231270 ns, Reaching safepoint: 298784 ns, At safepoint: 33098 ns, Total: 331882 ns
[2024-03-30T00:29:21.922+0000][7][safepoint   ] Safepoint "Cleanup", Time since last: 4001229258 ns, Reaching safepoint: 373800 ns, At safepoint: 67300 ns, Total: 441100 ns
[2024-03-30T00:29:27.924+0000][7][safepoint   ] Safepoint "Cleanup", Time since last: 6002026426 ns, Reaching safepoint: 355194 ns, At safepoint: 41400 ns, Total: 396594 ns
[2024-03-30T00:29:42.929+0000][7][safepoint   ] Safepoint "Cleanup", Time since last: 15003968541 ns, Reaching safepoint: 774399 ns, At safepoint: 98400 ns, Total: 872799 ns
[2024-03-30T00:29:49.932+0000][7][safepoint   ] Safepoint "Cleanup", Time since last: 7002308688 ns, Reaching safepoint: 524499 ns, At safepoint: 49700 ns, Total: 574199 ns
[2024-03-30T00:30:21.940+0000][7][safepoint   ] Safepoint "Cleanup", Time since last: 32007463129 ns, Reaching safepoint: 292600 ns, At safepoint: 24900 ns, Total: 317500 ns
[2024-03-30T00:30:52.947+0000][7][safepoint   ] Safepoint "Cleanup", Time since last: 31006502531 ns, Reaching safepoint: 487699 ns, At safepoint: 67000 ns, Total: 554699 ns
[2024-03-30T00:30:57.950+0000][7][safepoint   ] Safepoint "Cleanup", Time since last: 5002461652 ns, Reaching safepoint: 735300 ns, At safepoint: 84700 ns, Total: 820000 ns
[2024-03-30T00:31:01.953+0000][7][safepoint   ] Safepoint "Cleanup", Time since last: 4001805357 ns, Reaching safepoint: 902599 ns, At safepoint: 106200 ns, Total: 1008799 ns
[2024-03-30T00:31:09.957+0000][7][safepoint   ] Safepoint "Cleanup", Time since last: 8003427118 ns, Reaching safepoint: 217900 ns, At safepoint: 45400 ns, Total: 263300 ns
[2024-03-30T00:31:10.957+0000][7][safepoint   ] Safepoint "Cleanup", Time since last: 1000382109 ns, Reaching safepoint: 217101 ns, At safepoint: 21500 ns, Total: 238601 ns
[2024-03-30T00:31:21.961+0000][7][safepoint   ] Safepoint "Cleanup", Time since last: 11002654698 ns, Reaching safepoint: 1236000 ns, At safepoint: 136100 ns, Total: 1372100 ns
[2024-03-30T00:31:31.965+0000][7][safepoint   ] Safepoint "Cleanup", Time since last: 10003190349 ns, Reaching safepoint: 322202 ns, At safepoint: 32300 ns, Total: 354502 ns
[2024-03-30T00:31:43.968+0000][7][safepoint   ] Safepoint "Cleanup", Time since last: 12002588126 ns, Reaching safepoint: 352101 ns, At safepoint: 6100 ns, Total: 358201 ns
[2024-03-30T00:31:49.970+0000][7][safepoint   ] Safepoint "Cleanup", Time since last: 6001544246 ns, Reaching safepoint: 964600 ns, At safepoint: 97200 ns, Total: 1061800 ns
[2024-03-30T00:31:53.974+0000][7][safepoint   ] Safepoint "Cleanup", Time since last: 4002846927 ns, Reaching safepoint: 1115900 ns, At safepoint: 128100 ns, Total: 1244000 ns
[2024-03-30T00:31:57.977+0000][7][safepoint   ] Safepoint "Cleanup", Time since last: 4002375522 ns, Reaching safepoint: 384200 ns, At safepoint: 31500 ns, Total: 415700 ns
[2024-03-30T00:32:02.979+0000][7][safepoint   ] Safepoint "Cleanup", Time since last: 5001547005 ns, Reaching safepoint: 283800 ns, At safepoint: 29100 ns, Total: 312900 ns
[2024-03-30T00:32:09.982+0000][7][safepoint   ] Safepoint "Cleanup", Time since last: 7002235862 ns, Reaching safepoint: 1014501 ns, At safepoint: 117700 ns, Total: 1132201 ns
[2024-03-30T00:32:10.984+0000][7][safepoint   ] Safepoint "Cleanup", Time since last: 1001631685 ns, Reaching safepoint: 280900 ns, At safepoint: 22400 ns, Total: 303300 ns
[2024-03-30T00:32:11.985+0000][7][safepoint   ] Safepoint "Cleanup", Time since last: 1000562083 ns, Reaching safepoint: 382100 ns, At safepoint: 38700 ns, Total: 420800 ns
[2024-03-30T00:32:14.987+0000][7][safepoint   ] Safepoint "Cleanup", Time since last: 3000968017 ns, Reaching safepoint: 810405 ns, At safepoint: 91900 ns, Total: 902305 ns
[2024-03-30T00:32:52.996+0000][7][safepoint   ] Safepoint "Cleanup", Time since last: 38008491508 ns, Reaching safepoint: 781704 ns, At safepoint: 109001 ns, Total: 890705 ns
[2024-03-30T00:32:53.998+0000][7][safepoint   ] Safepoint "Cleanup", Time since last: 1001399833 ns, Reaching safepoint: 244801 ns, At safepoint: 38301 ns, Total: 283102 ns
[2024-03-30T00:32:58.000+0000][7][safepoint   ] Safepoint "Cleanup", Time since last: 4001197337 ns, Reaching safepoint: 292801 ns, At safepoint: 22200 ns, Total: 315001 ns
[2024-03-30T00:33:20.006+0000][7][safepoint   ] Safepoint "Cleanup", Time since last: 22004558997 ns, Reaching safepoint: 1922796 ns, At safepoint: 112099 ns, Total: 2034895 ns
[2024-03-30T00:33:35.012+0000][7][safepoint   ] Safepoint "Cleanup", Time since last: 15004151444 ns, Reaching safepoint: 1191700 ns, At safepoint: 120900 ns, Total: 1312600 ns
[2024-03-30T00:33:36.013+0000][7][safepoint   ] Safepoint "Cleanup", Time since last: 1001354883 ns, Reaching safepoint: 254200 ns, At safepoint: 21600 ns, Total: 275800 ns
[2024-03-30T00:33:43.016+0000][7][safepoint   ] Safepoint "Cleanup", Time since last: 7001758873 ns, Reaching safepoint: 639696 ns, At safepoint: 73500 ns, Total: 713196 ns
[2024-03-30T00:33:48.018+0000][7][safepoint   ] Safepoint "Cleanup", Time since last: 5001882516 ns, Reaching safepoint: 174600 ns, At safepoint: 9000 ns, Total: 183600 ns
[2024-03-30T00:33:52.019+0000][7][safepoint   ] Safepoint "Cleanup", Time since last: 4001341190 ns, Reaching safepoint: 284000 ns, At safepoint: 50000 ns, Total: 334000 ns
[2024-03-30T00:33:55.021+0000][7][safepoint   ] Safepoint "Cleanup", Time since last: 3000997740 ns, Reaching safepoint: 283200 ns, At safepoint: 43900 ns, Total: 327100 ns
[2024-03-30T00:33:56.022+0000][7][safepoint   ] Safepoint "Cleanup", Time since last: 1000509080 ns, Reaching safepoint: 247700 ns, At safepoint: 50500 ns, Total: 298200 ns
[2024-03-30T00:33:57.023+0000][7][safepoint   ] Safepoint "Cleanup", Time since last: 1000699380 ns, Reaching safepoint: 342600 ns, At safepoint: 30800 ns, Total: 373400 ns
[2024-03-30T00:33:58.024+0000][7][safepoint   ] Safepoint "Cleanup", Time since last: 1000596200 ns, Reaching safepoint: 299900 ns, At safepoint: 21900 ns, Total: 321800 ns
[2024-03-30T00:34:03.025+0000][7][safepoint   ] Safepoint "Cleanup", Time since last: 5001150326 ns, Reaching safepoint: 400600 ns, At safepoint: 32900 ns, Total: 433500 ns
[2024-03-30T00:34:13.029+0000][7][safepoint   ] Safepoint "Cleanup", Time since last: 10002950245 ns, Reaching safepoint: 847200 ns, At safepoint: 120900 ns, Total: 968100 ns
[2024-03-30T00:34:22.033+0000][7][safepoint   ] Safepoint "Cleanup", Time since last: 9003339340 ns, Reaching safepoint: 347299 ns, At safepoint: 34700 ns, Total: 381999 ns
[2024-03-30T00:34:25.034+0000][7][safepoint   ] Safepoint "Cleanup", Time since last: 3000953102 ns, Reaching safepoint: 422798 ns, At safepoint: 53300 ns, Total: 476098 ns
[2024-03-30T00:34:25.379+0000][7][gc,start    ] GC(28) Pause Young (Concurrent Start) (G1 Evacuation Pause)
[2024-03-30T00:34:25.379+0000][7][gc,task     ] GC(28) Using 6 workers of 8 for evacuation
[2024-03-30T00:34:25.379+0000][7][gc,age      ] GC(28) Desired survivor size 8388608 bytes, new threshold 15 (max threshold 15)
[2024-03-30T00:34:25.387+0000][7][gc,age      ] GC(28) Age table with threshold 15 (max threshold 15)
[2024-03-30T00:34:25.388+0000][7][gc,age      ] GC(28) - age   1:    2950800 bytes,    2950800 total
[2024-03-30T00:34:25.388+0000][7][gc,age      ] GC(28) - age   2:    2343072 bytes,    5293872 total
[2024-03-30T00:34:25.388+0000][7][gc,age      ] GC(28) - age   3:    2139560 bytes,    7433432 total
[2024-03-30T00:34:25.388+0000][7][gc,phases   ] GC(28)   Pre Evacuate Collection Set: 0.5ms
[2024-03-30T00:34:25.389+0000][7][gc,phases   ] GC(28)   Merge Heap Roots: 0.2ms
[2024-03-30T00:34:25.389+0000][7][gc,phases   ] GC(28)   Evacuate Collection Set: 5.7ms
[2024-03-30T00:34:25.389+0000][7][gc,phases   ] GC(28)   Post Evacuate Collection Set: 1.4ms
[2024-03-30T00:34:25.390+0000][7][gc,phases   ] GC(28)   Other: 2.0ms
[2024-03-30T00:34:25.390+0000][7][gc,heap     ] GC(28) Eden regions: 25->0(25)
[2024-03-30T00:34:25.390+0000][7][gc,heap     ] GC(28) Survivor regions: 2->2(4)
[2024-03-30T00:34:25.390+0000][7][gc,heap     ] GC(28) Old regions: 19->19
[2024-03-30T00:34:25.391+0000][7][gc,heap     ] GC(28) Archive regions: 2->2
[2024-03-30T00:34:25.391+0000][7][gc,heap     ] GC(28) Humongous regions: 2->2
[2024-03-30T00:34:25.391+0000][7][gc,metaspace] GC(28) Metaspace: 96689K(100976K)->96689K(100976K) NonClass: 83629K(86692K)->83629K(86692K) Class: 13060K(14284K)->13060K(14284K)
[2024-03-30T00:34:25.391+0000][7][gc          ] GC(28) Pause Young (Concurrent Start) (G1 Evacuation Pause) 190M->92M(256M) 12.643ms
[2024-03-30T00:34:25.392+0000][7][gc,cpu      ] GC(28) User=0.04s Sys=0.00s Real=0.01s
[2024-03-30T00:34:25.392+0000][7][gc          ] GC(29) Concurrent Cycle
[2024-03-30T00:34:25.392+0000][7][safepoint   ] Safepoint "G1CollectForAllocation", Time since last: 344162514 ns, Reaching safepoint: 180800 ns, At safepoint: 13426761 ns, Total: 13607561 ns
[2024-03-30T00:34:25.392+0000][7][gc,marking  ] GC(29) Concurrent Clear Claimed Marks
[2024-03-30T00:34:25.393+0000][7][gc,marking  ] GC(29) Concurrent Clear Claimed Marks 0.486ms
[2024-03-30T00:34:25.393+0000][7][gc,marking  ] GC(29) Concurrent Scan Root Regions
[2024-03-30T00:34:25.396+0000][7][gc,marking  ] GC(29) Concurrent Scan Root Regions 3.124ms
[2024-03-30T00:34:25.397+0000][7][gc,marking  ] GC(29) Concurrent Mark (1207.856s)
[2024-03-30T00:34:25.397+0000][7][gc,marking  ] GC(29) Concurrent Mark From Roots
[2024-03-30T00:34:25.397+0000][7][gc,task     ] GC(29) Using 2 workers of 2 for marking
[2024-03-30T00:34:25.457+0000][7][gc,marking  ] GC(29) Concurrent Mark From Roots 60.233ms
[2024-03-30T00:34:25.457+0000][7][gc,marking  ] GC(29) Concurrent Preclean
[2024-03-30T00:34:25.458+0000][7][gc,marking  ] GC(29) Concurrent Preclean 0.835ms
[2024-03-30T00:34:25.459+0000][7][gc,marking  ] GC(29) Concurrent Mark (1207.856s, 1207.918s) 62.066ms
[2024-03-30T00:34:25.459+0000][7][gc,start    ] GC(29) Pause Remark
[2024-03-30T00:34:25.472+0000][7][gc          ] GC(29) Pause Remark 92M->92M(256M) 12.257ms
[2024-03-30T00:34:25.472+0000][7][gc,cpu      ] GC(29) User=0.06s Sys=0.00s Real=0.01s
[2024-03-30T00:34:25.472+0000][7][safepoint   ] Safepoint "G1Concurrent", Time since last: 66907809 ns, Reaching safepoint: 265299 ns, At safepoint: 13016862 ns, Total: 13282161 ns
[2024-03-30T00:34:25.473+0000][7][gc,marking  ] GC(29) Concurrent Rebuild Remembered Sets
[2024-03-30T00:34:25.505+0000][7][gc,marking  ] GC(29) Concurrent Rebuild Remembered Sets 31.971ms
[2024-03-30T00:34:25.505+0000][7][gc,start    ] GC(29) Pause Cleanup
[2024-03-30T00:34:25.506+0000][7][gc          ] GC(29) Pause Cleanup 94M->94M(256M) 0.388ms
[2024-03-30T00:34:25.506+0000][7][gc,cpu      ] GC(29) User=0.00s Sys=0.00s Real=0.00s
[2024-03-30T00:34:25.506+0000][7][safepoint   ] Safepoint "G1Concurrent", Time since last: 32719007 ns, Reaching safepoint: 448398 ns, At safepoint: 1064397 ns, Total: 1512795 ns
[2024-03-30T00:34:25.507+0000][7][gc,marking  ] GC(29) Concurrent Cleanup for Next Mark
[2024-03-30T00:34:25.507+0000][7][gc,marking  ] GC(29) Concurrent Cleanup for Next Mark 0.593ms
[2024-03-30T00:34:25.508+0000][7][gc          ] GC(29) Concurrent Cycle 115.710ms
[2024-03-30T00:34:26.507+0000][7][safepoint   ] Safepoint "Cleanup", Time since last: 1000440934 ns, Reaching safepoint: 323699 ns, At safepoint: 26500 ns, Total: 350199 ns
[2024-03-30T00:34:27.508+0000][7][safepoint   ] Safepoint "Cleanup", Time since last: 1000572133 ns, Reaching safepoint: 286799 ns, At safepoint: 23900 ns, Total: 310699 ns
[2024-03-30T00:34:28.510+0000][7][safepoint   ] Safepoint "Cleanup", Time since last: 1000603633 ns, Reaching safepoint: 934098 ns, At safepoint: 127099 ns, Total: 1061197 ns
[2024-03-30T00:34:37.512+0000][7][safepoint   ] Safepoint "Cleanup", Time since last: 9002605718 ns, Reaching safepoint: 259500 ns, At safepoint: 26300 ns, Total: 285800 ns
[2024-03-30T00:34:51.518+0000][7][safepoint   ] Safepoint "Cleanup", Time since last: 14004010879 ns, Reaching safepoint: 1038913 ns, At safepoint: 141401 ns, Total: 1180314 ns
[2024-03-30T00:34:57.521+0000][7][safepoint   ] Safepoint "Cleanup", Time since last: 6003283024 ns, Reaching safepoint: 259706 ns, At safepoint: 24601 ns, Total: 284307 ns
[2024-03-30T00:34:58.521+0000][7][safepoint   ] Safepoint "Cleanup", Time since last: 1000661516 ns, Reaching safepoint: 282408 ns, At safepoint: 24200 ns, Total: 306608 ns
[2024-03-30T00:35:11.524+0000][7][safepoint   ] Safepoint "Cleanup", Time since last: 13003014739 ns, Reaching safepoint: 329706 ns, At safepoint: 26000 ns, Total: 355706 ns
[2024-03-30T00:35:38.533+0000][7][safepoint   ] Safepoint "Cleanup", Time since last: 27006940185 ns, Reaching safepoint: 404701 ns, At safepoint: 51601 ns, Total: 456302 ns
[2024-03-30T00:35:41.060+0000][7][safepoint   ] Safepoint "ICBufferFull", Time since last: 2527503737 ns, Reaching safepoint: 283801 ns, At safepoint: 22600 ns, Total: 306401 ns
[2024-03-30T00:35:42.061+0000][7][safepoint   ] Safepoint "Cleanup", Time since last: 1000549959 ns, Reaching safepoint: 274710 ns, At safepoint: 23501 ns, Total: 298211 ns
[2024-03-30T00:35:44.062+0000][7][safepoint   ] Safepoint "Cleanup", Time since last: 2000673175 ns, Reaching safepoint: 212208 ns, At safepoint: 24301 ns, Total: 236509 ns
[2024-03-30T00:35:50.065+0000][7][safepoint   ] Safepoint "Cleanup", Time since last: 6002090315 ns, Reaching safepoint: 773556 ns, At safepoint: 128793 ns, Total: 902349 ns
[2024-03-30T00:35:52.067+0000][7][safepoint   ] Safepoint "Cleanup", Time since last: 2001076760 ns, Reaching safepoint: 385878 ns, At safepoint: 44298 ns, Total: 430176 ns
[2024-03-30T00:36:21.075+0000][7][safepoint   ] Safepoint "Cleanup", Time since last: 29006878088 ns, Reaching safepoint: 1002981 ns, At safepoint: 169996 ns, Total: 1172977 ns
[2024-03-30T00:36:27.078+0000][7][safepoint   ] Safepoint "Cleanup", Time since last: 6002773073 ns, Reaching safepoint: 345896 ns, At safepoint: 24100 ns, Total: 369996 ns
[2024-03-30T00:36:37.080+0000][7][safepoint   ] Safepoint "Cleanup", Time since last: 10001927091 ns, Reaching safepoint: 283698 ns, At safepoint: 25000 ns, Total: 308698 ns
[2024-03-30T00:36:51.084+0000][7][safepoint   ] Safepoint "Cleanup", Time since last: 14002926146 ns, Reaching safepoint: 355898 ns, At safepoint: 36099 ns, Total: 391997 ns
[2024-03-30T00:37:00.086+0000][7][safepoint   ] Safepoint "Cleanup", Time since last: 9001711889 ns, Reaching safepoint: 333298 ns, At safepoint: 30400 ns, Total: 363698 ns
[2024-03-30T00:37:28.094+0000][7][safepoint   ] Safepoint "Cleanup", Time since last: 28007853389 ns, Reaching safepoint: 269300 ns, At safepoint: 24400 ns, Total: 293700 ns
[2024-03-30T00:37:34.096+0000][7][safepoint   ] Safepoint "Cleanup", Time since last: 6001649386 ns, Reaching safepoint: 487898 ns, At safepoint: 49199 ns, Total: 537097 ns
[2024-03-30T00:37:37.098+0000][7][safepoint   ] Safepoint "Cleanup", Time since last: 3001127512 ns, Reaching safepoint: 270099 ns, At safepoint: 37600 ns, Total: 307699 ns
[2024-03-30T00:37:38.099+0000][7][safepoint   ] Safepoint "Cleanup", Time since last: 1000604740 ns, Reaching safepoint: 305099 ns, At safepoint: 44499 ns, Total: 349598 ns
[2024-03-30T00:37:51.102+0000][7][safepoint   ] Safepoint "Cleanup", Time since last: 13003320845 ns, Reaching safepoint: 274602 ns, At safepoint: 30001 ns, Total: 304603 ns
[2024-03-30T00:38:51.115+0000][7][safepoint   ] Safepoint "Cleanup", Time since last: 60012292859 ns, Reaching safepoint: 421501 ns, At safepoint: 35100 ns, Total: 456601 ns
[2024-03-30T00:39:54.130+0000][7][safepoint   ] Safepoint "Cleanup", Time since last: 63014702003 ns, Reaching safepoint: 218402 ns, At safepoint: 20000 ns, Total: 238402 ns
[2024-03-30T00:40:21.138+0000][7][safepoint   ] Safepoint "Cleanup", Time since last: 27007602667 ns, Reaching safepoint: 750502 ns, At safepoint: 114501 ns, Total: 865003 ns
[2024-03-30T00:40:24.141+0000][7][safepoint   ] Safepoint "Cleanup", Time since last: 3002109600 ns, Reaching safepoint: 740596 ns, At safepoint: 168399 ns, Total: 908995 ns
[2024-03-30T00:40:32.144+0000][7][safepoint   ] Safepoint "Cleanup", Time since last: 8003037214 ns, Reaching safepoint: 265501 ns, At safepoint: 25700 ns, Total: 291201 ns
[2024-03-30T00:40:51.149+0000][7][safepoint   ] Safepoint "Cleanup", Time since last: 19003794138 ns, Reaching safepoint: 650501 ns, At safepoint: 68300 ns, Total: 718801 ns
[2024-03-30T00:40:58.151+0000][7][safepoint   ] Safepoint "Cleanup", Time since last: 7001822729 ns, Reaching safepoint: 286300 ns, At safepoint: 13900 ns, Total: 300200 ns
[2024-03-30T00:41:28.159+0000][7][safepoint   ] Safepoint "Cleanup", Time since last: 30007541625 ns, Reaching safepoint: 300899 ns, At safepoint: 21700 ns, Total: 322599 ns
[2024-03-30T00:41:32.161+0000][7][safepoint   ] Safepoint "Cleanup", Time since last: 4001368671 ns, Reaching safepoint: 936801 ns, At safepoint: 111301 ns, Total: 1048102 ns
[2024-03-30T00:41:47.167+0000][7][safepoint   ] Safepoint "Cleanup", Time since last: 15004760378 ns, Reaching safepoint: 1041100 ns, At safepoint: 114600 ns, Total: 1155700 ns
[2024-03-30T00:41:48.169+0000][7][safepoint   ] Safepoint "Cleanup", Time since last: 1001369387 ns, Reaching safepoint: 835300 ns, At safepoint: 116400 ns, Total: 951700 ns
[2024-03-30T00:42:28.182+0000][7][safepoint   ] Safepoint "Cleanup", Time since last: 40012128886 ns, Reaching safepoint: 320802 ns, At safepoint: 22900 ns, Total: 343702 ns
[2024-03-30T00:42:37.184+0000][7][safepoint   ] Safepoint "Cleanup", Time since last: 9001903386 ns, Reaching safepoint: 639402 ns, At safepoint: 63600 ns, Total: 703002 ns
[2024-03-30T00:42:38.186+0000][7][safepoint   ] Safepoint "Cleanup", Time since last: 1000825953 ns, Reaching safepoint: 248700 ns, At safepoint: 22300 ns, Total: 271000 ns
[2024-03-30T00:42:42.187+0000][7][safepoint   ] Safepoint "Cleanup", Time since last: 4001030275 ns, Reaching safepoint: 423093 ns, At safepoint: 40800 ns, Total: 463893 ns
[2024-03-30T00:42:50.190+0000][7][safepoint   ] Safepoint "Cleanup", Time since last: 8002274504 ns, Reaching safepoint: 534295 ns, At safepoint: 59200 ns, Total: 593495 ns
[2024-03-30T00:42:58.192+0000][7][safepoint   ] Safepoint "Cleanup", Time since last: 8002011316 ns, Reaching safepoint: 221299 ns, At safepoint: 19500 ns, Total: 240799 ns
[2024-03-30T00:43:21.198+0000][7][safepoint   ] Safepoint "Cleanup", Time since last: 23005411624 ns, Reaching safepoint: 334501 ns, At safepoint: 24500 ns, Total: 359001 ns
[2024-03-30T00:43:28.200+0000][7][safepoint   ] Safepoint "Cleanup", Time since last: 7001939570 ns, Reaching safepoint: 530201 ns, At safepoint: 54400 ns, Total: 584601 ns
[2024-03-30T00:43:51.206+0000][7][safepoint   ] Safepoint "Cleanup", Time since last: 23005216190 ns, Reaching safepoint: 244900 ns, At safepoint: 26800 ns, Total: 271700 ns
[2024-03-30T00:44:21.223+0000][7][safepoint   ] Safepoint "Cleanup", Time since last: 30016303677 ns, Reaching safepoint: 972500 ns, At safepoint: 118100 ns, Total: 1090600 ns
[2024-03-30T00:44:48.234+0000][7][safepoint   ] Safepoint "Cleanup", Time since last: 27009780659 ns, Reaching safepoint: 416200 ns, At safepoint: 89600 ns, Total: 505800 ns
[2024-03-30T00:44:51.236+0000][7][safepoint   ] Safepoint "Cleanup", Time since last: 3001303230 ns, Reaching safepoint: 567299 ns, At safepoint: 59500 ns, Total: 626799 ns
[2024-03-30T00:44:58.239+0000][7][safepoint   ] Safepoint "Cleanup", Time since last: 7002539414 ns, Reaching safepoint: 345800 ns, At safepoint: 30300 ns, Total: 376100 ns
[2024-03-30T00:45:32.250+0000][7][safepoint   ] Safepoint "Cleanup", Time since last: 34010036914 ns, Reaching safepoint: 1105314 ns, At safepoint: 125102 ns, Total: 1230416 ns
[2024-03-30T00:45:54.258+0000][7][safepoint   ] Safepoint "Cleanup", Time since last: 22007821194 ns, Reaching safepoint: 220199 ns, At safepoint: 23500 ns, Total: 243699 ns
[2024-03-30T00:45:57.259+0000][7][safepoint   ] Safepoint "Cleanup", Time since last: 3000631239 ns, Reaching safepoint: 271500 ns, At safepoint: 32300 ns, Total: 303800 ns
[2024-03-30T00:45:57.262+0000][7][gc,heap,exit] Heap
[2024-03-30T00:45:57.263+0000][7][gc,heap,exit]  garbage-first heap   total 262144K, used 143933K [0x00000000f0000000, 0x0000000100000000)
[2024-03-30T00:45:57.263+0000][7][gc,heap,exit]   region size 4096K, 16 young (65536K), 2 survivors (8192K)
[2024-03-30T00:45:57.263+0000][7][gc,heap,exit]  Metaspace       used 97160K, capacity 100505K, committed 101488K, reserved 1136640K
[2024-03-30T00:45:57.263+0000][7][gc,heap,exit]   class space    used 13074K, capacity 14133K, committed 14284K, reserved 1048576K
