[2024-03-23T23:07:02.820+0000][168][gc] Using G1
[2024-03-23T23:07:02.957+0000][168][gc,init] Version: 15.0.1+9 (release)
[2024-03-23T23:07:03.048+0000][168][gc,init] CPUs: 8 total, 8 available
[2024-03-23T23:07:03.071+0000][168][gc,init] Memory: 9866M
[2024-03-23T23:07:03.087+0000][168][gc,init] Large Page Support: Disabled
[2024-03-23T23:07:03.157+0000][168][gc,init] NUMA Support: Disabled
[2024-03-23T23:07:03.200+0000][168][gc,init] Compressed Oops: Enabled (32-bit)
[2024-03-23T23:07:03.235+0000][168][gc,init] Heap Region Size: 1M
[2024-03-23T23:07:03.309+0000][168][gc,init] Heap Min Capacity: 256M
[2024-03-23T23:07:03.462+0000][168][gc,init] Heap Initial Capacity: 256M
[2024-03-23T23:07:03.549+0000][168][gc,init] Heap Max Capacity: 256M
[2024-03-23T23:07:03.591+0000][168][gc,init] Pre-touch: Disabled
[2024-03-23T23:07:03.603+0000][168][gc,init] Parallel Workers: 8
[2024-03-23T23:07:03.666+0000][168][gc,init] Concurrent Workers: 2
[2024-03-23T23:07:03.760+0000][168][gc,init] Concurrent Refinement Workers: 8
[2024-03-23T23:07:04.021+0000][168][gc,init] Periodic GC: Disabled
[2024-03-23T23:07:04.145+0000][168][gc,metaspace] CDS disabled.
[2024-03-23T23:07:04.191+0000][168][gc,metaspace] Compressed class space mapped at: 0x0000000100000000-0x0000000140000000, size: 1073741824
[2024-03-23T23:07:04.214+0000][168][gc,metaspace] Narrow klass base: 0x0000000000000000, Narrow klass shift: 3, Narrow klass range: 0x140000000
[2024-03-23T23:07:04.526+0000][168][gc,heap,exit] Heap
[2024-03-23T23:07:04.594+0000][168][gc,heap,exit]  garbage-first heap   total 262144K, used 1024K [0x00000000f0000000, 0x0000000100000000)
[2024-03-23T23:07:04.662+0000][168][gc,heap,exit]   region size 1024K, 2 young (2048K), 0 survivors (0K)
[2024-03-23T23:07:04.810+0000][168][gc,heap,exit]  Metaspace       used 3405K, capacity 4480K, committed 4480K, reserved 1056768K
[2024-03-23T23:07:04.839+0000][168][gc,heap,exit]   class space    used 278K, capacity 384K, committed 384K, reserved 1048576K
